Archive member included to satisfy reference by file (symbol)

app/libapp.a(main.c.obj)      (--whole-archive)
zephyr/libzephyr.a(heap.c.obj)
                              (--whole-archive)
zephyr/libzephyr.a(cbprintf_packaged.c.obj)
                              (--whole-archive)
zephyr/libzephyr.a(printk.c.obj)
                              (--whole-archive)
zephyr/libzephyr.a(sem.c.obj)
                              (--whole-archive)
zephyr/libzephyr.a(thread_entry.c.obj)
                              (--whole-archive)
zephyr/libzephyr.a(cbprintf_complete.c.obj)
                              (--whole-archive)
zephyr/libzephyr.a(assert.c.obj)
                              (--whole-archive)
zephyr/libzephyr.a(mpsc_pbuf.c.obj)
                              (--whole-archive)
zephyr/libzephyr.a(dec.c.obj)
                              (--whole-archive)
zephyr/libzephyr.a(hex.c.obj)
                              (--whole-archive)
zephyr/libzephyr.a(rb.c.obj)  (--whole-archive)
zephyr/libzephyr.a(timeutil.c.obj)
                              (--whole-archive)
zephyr/libzephyr.a(bitarray.c.obj)
                              (--whole-archive)
zephyr/libzephyr.a(onoff.c.obj)
                              (--whole-archive)
zephyr/libzephyr.a(notify.c.obj)
                              (--whole-archive)
zephyr/libzephyr.a(configs.c.obj)
                              (--whole-archive)
zephyr/libzephyr.a(log_core.c.obj)
                              (--whole-archive)
zephyr/libzephyr.a(log_mgmt.c.obj)
                              (--whole-archive)
zephyr/libzephyr.a(log_cache.c.obj)
                              (--whole-archive)
zephyr/libzephyr.a(log_msg.c.obj)
                              (--whole-archive)
zephyr/libzephyr.a(log_output.c.obj)
                              (--whole-archive)
zephyr/libzephyr.a(log_backend_rtt.c.obj)
                              (--whole-archive)
zephyr/libzephyr.a(log_backend_uart.c.obj)
                              (--whole-archive)
zephyr/libzephyr.a(mem_attr.c.obj)
                              (--whole-archive)
zephyr/libzephyr.a(tracing_none.c.obj)
                              (--whole-archive)
zephyr/libzephyr.a(banner.c.obj)
                              (--whole-archive)
zephyr/libzephyr.a(hci_vs_sdc.c.obj)
                              (--whole-archive)
zephyr/libzephyr.a(host_extensions.c.obj)
                              (--whole-archive)
zephyr/libzephyr.a(flash_map_partition_manager.c.obj)
                              (--whole-archive)
zephyr/arch/common/libarch__common.a(sw_isr_common.c.obj)
                              (--whole-archive)
zephyr/arch/arch/arm/core/libarch__arm__core.a(fatal.c.obj)
                              (--whole-archive)
zephyr/arch/arch/arm/core/libarch__arm__core.a(nmi.c.obj)
                              (--whole-archive)
zephyr/arch/arch/arm/core/libarch__arm__core.a(nmi_on_reset.S.obj)
                              (--whole-archive)
zephyr/arch/arch/arm/core/libarch__arm__core.a(tls.c.obj)
                              (--whole-archive)
zephyr/arch/arch/arm/core/cortex_m/libarch__arm__core__cortex_m.a(exc_exit.c.obj)
                              (--whole-archive)
zephyr/arch/arch/arm/core/cortex_m/libarch__arm__core__cortex_m.a(fault.c.obj)
                              (--whole-archive)
zephyr/arch/arch/arm/core/cortex_m/libarch__arm__core__cortex_m.a(fault_s.S.obj)
                              (--whole-archive)
zephyr/arch/arch/arm/core/cortex_m/libarch__arm__core__cortex_m.a(fpu.c.obj)
                              (--whole-archive)
zephyr/arch/arch/arm/core/cortex_m/libarch__arm__core__cortex_m.a(reset.S.obj)
                              (--whole-archive)
zephyr/arch/arch/arm/core/cortex_m/libarch__arm__core__cortex_m.a(scb.c.obj)
                              (--whole-archive)
zephyr/arch/arch/arm/core/cortex_m/libarch__arm__core__cortex_m.a(thread_abort.c.obj)
                              (--whole-archive)
zephyr/arch/arch/arm/core/cortex_m/libarch__arm__core__cortex_m.a(vector_table.S.obj)
                              (--whole-archive)
zephyr/arch/arch/arm/core/cortex_m/libarch__arm__core__cortex_m.a(swap.c.obj)
                              (--whole-archive)
zephyr/arch/arch/arm/core/cortex_m/libarch__arm__core__cortex_m.a(swap_helper.S.obj)
                              (--whole-archive)
zephyr/arch/arch/arm/core/cortex_m/libarch__arm__core__cortex_m.a(irq_manage.c.obj)
                              (--whole-archive)
zephyr/arch/arch/arm/core/cortex_m/libarch__arm__core__cortex_m.a(prep_c.c.obj)
                              (--whole-archive)
zephyr/arch/arch/arm/core/cortex_m/libarch__arm__core__cortex_m.a(thread.c.obj)
                              (--whole-archive)
zephyr/arch/arch/arm/core/cortex_m/libarch__arm__core__cortex_m.a(cpu_idle.c.obj)
                              (--whole-archive)
zephyr/arch/arch/arm/core/cortex_m/libarch__arm__core__cortex_m.a(irq_init.c.obj)
[...]
Memory Configuration

Name             Origin             Length             Attributes
FLASH            0x0000000000000000 0x0000000000080000 xr
RAM              0x0000000020000000 0x0000000000020000 xw
IDT_LIST         0x00000000ffff7fff 0x0000000000008000 xw
*default*        0x0000000000000000 0xffffffffffffffff

Linker script and memory map

                0x00000000000105c0                vfprintf = __l_vfprintf
                0x0000000000000000                vfscanf = __l_vfscanf
LOAD zephyr/CMakeFiles/zephyr_pre0.dir/misc/empty_file.c.obj
LOAD zephyr/CMakeFiles/offsets.dir/./arch/arm/core/offsets/offsets.c.obj
LOAD app/libapp.a
LOAD zephyr/libzephyr.a
LOAD zephyr/arch/common/libarch__common.a
LOAD zephyr/arch/arch/arm/core/libarch__arm__core.a
LOAD zephyr/arch/arch/arm/core/cortex_m/libarch__arm__core__cortex_m.a
LOAD zephyr/arch/arch/arm/core/mpu/libarch__arm__core__mpu.a
LOAD zephyr/lib/libc/picolibc/liblib__libc__picolibc.a
LOAD zephyr/lib/libc/common/liblib__libc__common.a
LOAD zephyr/lib/net_buf/liblib__net_buf.a
LOAD zephyr/soc/soc/nrf52833/libsoc__nordic.a
LOAD zephyr/subsys/random/libsubsys__random.a
LOAD zephyr/subsys/bluetooth/common/libsubsys__bluetooth__common.a
LOAD zephyr/subsys/bluetooth/host/libsubsys__bluetooth__host.a
LOAD zephyr/drivers/clock_control/libdrivers__clock_control.a
LOAD zephyr/drivers/console/libdrivers__console.a
LOAD zephyr/drivers/entropy/libdrivers__entropy.a
LOAD zephyr/drivers/gpio/libdrivers__gpio.a
LOAD zephyr/drivers/pinctrl/libdrivers__pinctrl.a
LOAD zephyr/drivers/serial/libdrivers__serial.a
LOAD zephyr/drivers/timer/libdrivers__timer.a
LOAD modules/nrf/lib/multithreading_lock/lib..__nrf__lib__multithreading_lock.a
LOAD modules/nrf/subsys/bluetooth/controller/lib..__nrf__subsys__bluetooth__controller.a
LOAD modules/nrf/subsys/mpsl/init/lib..__nrf__subsys__mpsl__init.a
LOAD modules/nrf/subsys/mpsl/fem/lib..__nrf__subsys__mpsl__fem.a
LOAD modules/nrf/drivers/mpsl/clock_control/lib..__nrf__drivers__mpsl__clock_control.a
LOAD modules/hal_nordic/nrfx/libmodules__hal_nordic__nrfx.a
LOAD modules/segger/libmodules__segger.a
LOAD zephyr/kernel/libkernel.a
LOAD zephyr/arch/common/libisr_tables.a
LOAD C:/ncs/v2.9.2/nrfxlib/softdevice_controller/lib/nrf52/soft-float/libsoftdevice_controller_peripheral.a
LOAD C:/ncs/v2.9.2/nrfxlib/mpsl/fem/common/lib/nrf52/soft-float/libmpsl_fem_common.a
LOAD C:/ncs/v2.9.2/nrfxlib/mpsl/fem/nrf21540_gpio/lib/nrf52/soft-float/libmpsl_fem_nrf21540_gpio.a
LOAD C:/ncs/v2.9.2/nrfxlib/mpsl/fem/nrf21540_gpio_spi/lib/nrf52/soft-float/libmpsl_fem_nrf21540_gpio_spi.a
LOAD C:/ncs/v2.9.2/nrfxlib/mpsl/fem/nrf2220/lib/nrf52/soft-float/libmpsl_fem_nrf2220.a
LOAD C:/ncs/v2.9.2/nrfxlib/mpsl/fem/nrf2240/lib/nrf52/soft-float/libmpsl_fem_nrf2240.a
LOAD C:/ncs/v2.9.2/nrfxlib/mpsl/fem/nrf22xx/lib/nrf52/soft-float/libmpsl_fem_nrf22xx.a
LOAD C:/ncs/v2.9.2/nrfxlib/mpsl/fem/simple_gpio/lib/nrf52/soft-float/libmpsl_fem_simple_gpio.a
LOAD C:/ncs/v2.9.2/nrfxlib/mpsl/lib/nrf52/soft-float/libmpsl.a
LOAD c:\ncs\toolchains\b620d30767\opt\zephyr-sdk\arm-zephyr-eabi\bin\../lib/gcc/../../picolibc/arm-zephyr-eabi/lib/thumb/v7e-m/nofp\libc.a
LOAD c:/ncs/toolchains/b620d30767/opt/zephyr-sdk/arm-zephyr-eabi/bin/../lib/gcc/arm-zephyr-eabi/12.2.0/thumb/v7e-m/nofp\libgcc.a
                0x0000000000000020                _region_min_align = 0x20

.rel.plt        0x0000000000000000        0x0
 *(SORT_BY_ALIGNMENT(.rel.plt))
                [!provide]                        PROVIDE (__rel_iplt_start = .)
 *(SORT_BY_ALIGNMENT(.rel.iplt))
 .rel.iplt      0x0000000000000000        0x0 app/libapp.a(main.c.obj)
                [!provide]                        PROVIDE (__rel_iplt_end = .)

.rela.plt       0x0000000000000000        0x0
 *(SORT_BY_ALIGNMENT(.rela.plt))
                [!provide]                        PROVIDE (__rela_iplt_start = .)
 *(SORT_BY_ALIGNMENT(.rela.iplt))
                [!provide]                        PROVIDE (__rela_iplt_end = .)

.rel.dyn
 *(SORT_BY_ALIGNMENT(.rel.*))

.rela.dyn
 *(SORT_BY_ALIGNMENT(.rela.*))

/DISCARD/
 *(SORT_BY_ALIGNMENT(.plt))

/DISCARD/
 *(SORT_BY_ALIGNMENT(.iplt))
                0x0000000000000000                __rom_region_start = 0x0

rom_start       0x0000000000000000      0x100
                0x0000000000000000                __rom_start_address = .
 FILL mask 0x00
                0x0000000000000000                . = (. + (0x0 - (. - __rom_start_address)))
                0x0000000000000000                . = ALIGN (0x4)
                0x0000000000000000                . = ALIGN (0x80)
                0x0000000000000000                . = ALIGN (0x100)
                0x0000000000000000                _vector_start = .
 *(SORT_BY_ALIGNMENT(.exc_vector_table))
 *(SORT_BY_ALIGNMENT(.exc_vector_table.*))
 .exc_vector_table._vector_table_section
                0x0000000000000000       0x40 zephyr/arch/arch/arm/core/cortex_m/libarch__arm__core__cortex_m.a(vector_table.S.obj)
                0x0000000000000000                _vector_table
 *(SORT_BY_ALIGNMENT(.vectors))
                0x0000000000000100                _vector_end = .
                0x0000000000000040                . = ALIGN (0x4)
 *(SORT_BY_ALIGNMENT(.gnu.linkonce.irq_vector_table*))
 .gnu.linkonce.irq_vector_table
                0x0000000000000040       0xc0 zephyr/arch/common/libisr_tables.a(isr_tables.c.obj)
                0x0000000000000040                _irq_vector_table
                0x0000000000000100                _vector_end = .

text            0x0000000000000100    0x12bec
                0x0000000000000100                __text_region_start = .
 *(SORT_BY_ALIGNMENT(.text))
 .text          0x0000000000000100       0x24 C:/ncs/v2.9.2/nrfxlib/softdevice_controller/lib/nrf52/soft-float/libsoftdevice_controller_peripheral.a(libsoftdevice_controller_s112_debug_soft__obfuscated.elf)
 .text          0x0000000000000124       0xcc C:/ncs/v2.9.2/nrfxlib/softdevice_controller/lib/nrf52/soft-float/libsoftdevice_controller_peripheral.a(libsoftdevice_controller_s112_debug_soft__obfuscated.elf)
 .text          0x00000000000001f0       0x74 C:/ncs/v2.9.2/nrfxlib/softdevice_controller/lib/nrf52/soft-float/libsoftdevice_controller_peripheral.a(libsoftdevice_controller_s112_debug_soft__obfuscated.elf)
                0x00000000000001f0                sym_476LRB5XNUARAHCHHC7ZAIGPFC5VZ4W2N4467LI
 .text          0x0000000000000264       0x38 C:/ncs/v2.9.2/nrfxlib/softdevice_controller/lib/nrf52/soft-float/libsoftdevice_controller_peripheral.a(libsoftdevice_controller_s112_debug_soft__obfuscated.elf)
 .text          0x000000000000029c       0x78 C:/ncs/v2.9.2/nrfxlib/softdevice_controller/lib/nrf52/soft-float/libsoftdevice_controller_peripheral.a(libsoftdevice_controller_s112_debug_soft__obfuscated.elf)
                0x000000000000029c                sdc_init
 .text          0x0000000000000314       0x90 C:/ncs/v2.9.2/nrfxlib/softdevice_controller/lib/nrf52/soft-float/libsoftdevice_controller_peripheral.a(libsoftdevice_controller_s112_debug_soft__obfuscated.elf)
                0x0000000000000314                sdc_cfg_set
 .text          0x00000000000003a4       0x60 C:/ncs/v2.9.2/nrfxlib/softdevice_controller/lib/nrf52/soft-float/libsoftdevice_controller_peripheral.a(libsoftdevice_controller_s112_debug_soft__obfuscated.elf)
                0x00000000000003a4                sdc_enable
 .text          0x0000000000000404       0x24 C:/ncs/v2.9.2/nrfxlib/softdevice_controller/lib/nrf52/soft-float/libsoftdevice_controller_peripheral.a(libsoftdevice_controller_s112_debug_soft__obfuscated.elf)
                0x0000000000000404                sdc_disable
 .text          0x0000000000000428       0x24 C:/ncs/v2.9.2/nrfxlib/softdevice_controller/lib/nrf52/soft-float/libsoftdevice_controller_peripheral.a(libsoftdevice_controller_s112_debug_soft__obfuscated.elf)
                0x0000000000000428                sdc_build_revision_get
 .text          0x000000000000044c       0x28 C:/ncs/v2.9.2/nrfxlib/softdevice_controller/lib/nrf52/soft-float/libsoftdevice_controller_peripheral.a(libsoftdevice_controller_s112_debug_soft__obfuscated.elf)
                0x000000000000044c                sdc_support_adv
 .text          0x0000000000000474       0x10 C:/ncs/v2.9.2/nrfxlib/softdevice_controller/lib/nrf52/soft-float/libsoftdevice_controller_peripheral.a(libsoftdevice_controller_s112_debug_soft__obfuscated.elf)
                0x0000000000000474                sdc_rand_source_register
 .text          0x0000000000000484        0xc C:/ncs/v2.9.2/nrfxlib/softdevice_controller/lib/nrf52/soft-float/libsoftdevice_controller_peripheral.a(libsoftdevice_controller_s112_debug_soft__obfuscated.elf)
                0x0000000000000484                sym_CVMXQJYKHZVHIOMGOYEICPLVAIQNUBL6USVNZSA
 .text          0x0000000000000490       0x10 C:/ncs/v2.9.2/nrfxlib/softdevice_controller/lib/nrf52/soft-float/libsoftdevice_controller_peripheral.a(libsoftdevice_controller_s112_debug_soft__obfuscated.elf)
                0x0000000000000490                sym_EZ7BAEZZMYJFIJAONX254JF3WPGEXUT4NMP2WJQ
 .text          0x00000000000004a0       0xb0 C:/ncs/v2.9.2/nrfxlib/softdevice_controller/lib/nrf52/soft-float/libsoftdevice_controller_peripheral.a(libsoftdevice_controller_s112_debug_soft__obfuscated.elf)
                0x00000000000004a0                sym_MS2INTHZLDZMKZ5TZUDLWHPLKH3FLVZPA26JG6A
 .text          0x0000000000000550       0x28 C:/ncs/v2.9.2/nrfxlib/softdevice_controller/lib/nrf52/soft-float/libsoftdevice_controller_peripheral.a(libsoftdevice_controller_s112_debug_soft__obfuscated.elf)
                0x0000000000000550                sym_TG7NSIC2UKHCUBZWZ4K4EMD5QRI2QVSKVKV6CFQ
 .text          0x0000000000000578       0x3c C:/ncs/v2.9.2/nrfxlib/softdevice_controller/lib/nrf52/soft-float/libsoftdevice_controller_peripheral.a(libsoftdevice_controller_s112_debug_soft__obfuscated.elf)
                0x0000000000000578                sym_Z7NJGBYWCKFTEHRYWAIDKWPEUN45273QSWUA5CY
 .text          0x00000000000005b4       0x24 C:/ncs/v2.9.2/nrfxlib/softdevice_controller/lib/nrf52/soft-float/libsoftdevice_controller_peripheral.a(libsoftdevice_controller_s112_debug_soft__obfuscated.elf)
                0x00000000000005b4                sym_TU2SMBIUC7JL6C3K2XB6727DQLBLV5LEGIMZAFQ
 .text          0x00000000000005d8       0x10 C:/ncs/v2.9.2/nrfxlib/softdevice_controller/lib/nrf52/soft-float/libsoftdevice_controller_peripheral.a(libsoftdevice_controller_s112_debug_soft__obfuscated.elf)
                0x00000000000005d8                sym_PPT6FEOF2T6DRALMCRRTUI7CHLEPBAN25HYV3KQ
 .text          0x00000000000005e8       0x20 C:/ncs/v2.9.2/nrfxlib/softdevice_controller/lib/nrf52/soft-float/libsoftdevice_controller_peripheral.a(libsoftdevice_controller_s112_debug_soft__obfuscated.elf)
                0x00000000000005e8                sym_CEENVC5DZRUT7MGF5LABXKT4NV7YUL5F6EX6TEQ
 .text          0x0000000000000608        0xc C:/ncs/v2.9.2/nrfxlib/softdevice_controller/lib/nrf52/soft-float/libsoftdevice_controller_peripheral.a(libsoftdevice_controller_s112_debug_soft__obfuscated.elf)
                0x0000000000000608                sym_G3KVRHCJDVHL7HV53526V3YI3DTK2IW2CADUWZQ
 .text          0x0000000000000614       0x1c C:/ncs/v2.9.2/nrfxlib/softdevice_controller/lib/nrf52/soft-float/libsoftdevice_controller_peripheral.a(libsoftdevice_controller_s112_debug_soft__obfuscated.elf)
                0x0000000000000614                sdc_hci_cmd_cb_reset
 .text          0x0000000000000630       0x48 C:/ncs/v2.9.2/nrfxlib/softdevice_controller/lib/nrf52/soft-float/libsoftdevice_controller_peripheral.a(libsoftdevice_controller_s112_debug_soft__obfuscated.elf)
 .text          0x0000000000000678       0x40 C:/ncs/v2.9.2/nrfxlib/softdevice_controller/lib/nrf52/soft-float/libsoftdevice_controller_peripheral.a(libsoftdevice_controller_s112_debug_soft__obfuscated.elf)
                0x0000000000000678                sym_T2KVJXUKBW7E6DZMIXB2ENUQYG6P2TBYLXO3PAY
 .text          0x00000000000006b8       0x4c C:/ncs/v2.9.2/nrfxlib/softdevice_controller/lib/nrf52/soft-float/libsoftdevice_controller_peripheral.a(libsoftdevice_controller_s112_debug_soft__obfuscated.elf)
 .text          0x0000000000000704       0x10 C:/ncs/v2.9.2/nrfxlib/softdevice_controller/lib/nrf52/soft-float/libsoftdevice_controller_peripheral.a(libsoftdevice_controller_s112_debug_soft__obfuscated.elf)
                0x0000000000000704                sym_QFMUQVSA2RVLCOVZ24CAF3TBH45MAZ6DL5HLWKY
 .text          0x0000000000000714      0x178 C:/ncs/v2.9.2/nrfxlib/softdevice_controller/lib/nrf52/soft-float/libsoftdevice_controller_peripheral.a(libsoftdevice_controller_s112_debug_soft__obfuscated.elf)
                0x0000000000000714                sym_EQ53CEL7EDVHMFMHMFPRRQU46C5YKKFEBAACFOA
 .text          0x000000000000088c       0x70 C:/ncs/v2.9.2/nrfxlib/softdevice_controller/lib/nrf52/soft-float/libsoftdevice_controller_peripheral.a(libsoftdevice_controller_s112_debug_soft__obfuscated.elf)
                0x000000000000088c                sym_DMJHGENWVWA7ILXIIOOHU6SYMMXUDCUFUUBACLQ
 .text          0x00000000000008fc       0x7c C:/ncs/v2.9.2/nrfxlib/softdevice_controller/lib/nrf52/soft-float/libsoftdevice_controller_peripheral.a(libsoftdevice_controller_s112_debug_soft__obfuscated.elf)
                0x00000000000008fc                sym_7JFC7IFAJQVPYCQHAIUKZ626ISM3VUWBEEXY7WI
 .text          0x0000000000000978       0x2c C:/ncs/v2.9.2/nrfxlib/softdevice_controller/lib/nrf52/soft-float/libsoftdevice_controller_peripheral.a(libsoftdevice_controller_s112_debug_soft__obfuscated.elf)
                0x0000000000000978                sym_5X75WALYYBUWN4XT5LYOZBIGSZHVNFKF5J4CSQI
 .text          0x00000000000009a4       0x48 C:/ncs/v2.9.2/nrfxlib/softdevice_controller/lib/nrf52/soft-float/libsoftdevice_controller_peripheral.a(libsoftdevice_controller_s112_debug_soft__obfuscated.elf)
                0x00000000000009a4                sym_4AWF7EXI3MMHUULTY73E756U3IY5DEXOZ265MZY
 .text          0x00000000000009ec       0x40 C:/ncs/v2.9.2/nrfxlib/softdevice_controller/lib/nrf52/soft-float/libsoftdevice_controller_peripheral.a(libsoftdevice_controller_s112_debug_soft__obfuscated.elf)
                0x00000000000009ec                sym_6I4XEOIW7LI2E3Z53L54ZHQQHYICXR4H4JQWXLA
 .text          0x0000000000000a2c       0x30 C:/ncs/v2.9.2/nrfxlib/softdevice_controller/lib/nrf52/soft-float/libsoftdevice_controller_peripheral.a(libsoftdevice_controller_s112_debug_soft__obfuscated.elf)
                0x0000000000000a2c                sym_6DYG6C6ROXZA67GZINNB2XIQHL3KE2RCKK4QFXA
 .text          0x0000000000000a5c       0x7c C:/ncs/v2.9.2/nrfxlib/softdevice_controller/lib/nrf52/soft-float/libsoftdevice_controller_peripheral.a(libsoftdevice_controller_s112_debug_soft__obfuscated.elf)
                0x0000000000000a5c                sym_24NU2MJKHN4R2Z7HXHMPDWTTDYSB32VL6HEQPZA
 .text          0x0000000000000ad8       0x80 C:/ncs/v2.9.2/nrfxlib/softdevice_controller/lib/nrf52/soft-float/libsoftdevice_controller_peripheral.a(libsoftdevice_controller_s112_debug_soft__obfuscated.elf)
                0x0000000000000ad8                sym_YL4RMM7WH2QQSRTLJX7L5Q2F5KYIEZ5IWMCN3UQ
 .text          0x0000000000000b58       0x58 C:/ncs/v2.9.2/nrfxlib/softdevice_controller/lib/nrf52/soft-float/libsoftdevice_controller_peripheral.a(libsoftdevice_controller_s112_debug_soft__obfuscated.elf)
                0x0000000000000b58                sym_47U6MZ7GC5PU2CVEGYFSZO6JE3OMJD4DVLRAUZQ
 .text          0x0000000000000bb0       0xd4 C:/ncs/v2.9.2/nrfxlib/softdevice_controller/lib/nrf52/soft-float/libsoftdevice_controller_peripheral.a(libsoftdevice_controller_s112_debug_soft__obfuscated.elf)
                0x0000000000000bb0                sym_YBUOIVJGKD57C5J4XCQFOKF4I5XT74ICLDOCNXA
 .text          0x0000000000000c84       0x5c C:/ncs/v2.9.2/nrfxlib/softdevice_controller/lib/nrf52/soft-float/libsoftdevice_controller_peripheral.a(libsoftdevice_controller_s112_debug_soft__obfuscated.elf)
                0x0000000000000c84                sym_E5WZNPP2DINHF6K4PHXLYLX5AXTYBQYGQESRSGQ
 .text          0x0000000000000ce0        0xc C:/ncs/v2.9.2/nrfxlib/softdevice_controller/lib/nrf52/soft-float/libsoftdevice_controller_peripheral.a(libsoftdevice_controller_s112_debug_soft__obfuscated.elf)
                0x0000000000000ce0                sym_UAPFH34IEHUX3FGU7LNPEIJNCLAPRJP46TMN4NY
 .text          0x0000000000000cec      0x13c C:/ncs/v2.9.2/nrfxlib/softdevice_controller/lib/nrf52/soft-float/libsoftdevice_controller_peripheral.a(libsoftdevice_controller_s112_debug_soft__obfuscated.elf)
                0x0000000000000cec                sym_U3OFHSWAAHECAZEDHWSQTU63SOSYAQR6QI45AFY
 .text          0x0000000000000e28       0x8c C:/ncs/v2.9.2/nrfxlib/softdevice_controller/lib/nrf52/soft-float/libsoftdevice_controller_peripheral.a(libsoftdevice_controller_s112_debug_soft__obfuscated.elf)
                0x0000000000000e28                sym_3LXCSEW4O4NZFGMXLMWXSJJVGEQV4VDRFCVRV4Q
 .text          0x0000000000000eb4       0x1c C:/ncs/v2.9.2/nrfxlib/softdevice_controller/lib/nrf52/soft-float/libsoftdevice_controller_peripheral.a(libsoftdevice_controller_s112_debug_soft__obfuscated.elf)
                0x0000000000000eb4                sym_4O3EP57XWWWRY57PVJMDKXNE25ZWFBDV6LLBFQQ
 .text          0x0000000000000ed0        0xc C:/ncs/v2.9.2/nrfxlib/softdevice_controller/lib/nrf52/soft-float/libsoftdevice_controller_peripheral.a(libsoftdevice_controller_s112_debug_soft__obfuscated.elf)
                0x0000000000000ed0                sym_O6J3MUC4KJEDMNJLCC5Z3G5LTC5IHVL4PW7F6QI
 .text          0x0000000000000edc        0xc C:/ncs/v2.9.2/nrfxlib/softdevice_controller/lib/nrf52/soft-float/libsoftdevice_controller_peripheral.a(libsoftdevice_controller_s112_debug_soft__obfuscated.elf)
                0x0000000000000edc                sym_YZMCMF2VDK5EZ5GH5K4G77V4XY7KHBJNPGELPVQ
 .text          0x0000000000000ee8       0x60 C:/ncs/v2.9.2/nrfxlib/softdevice_controller/lib/nrf52/soft-float/libsoftdevice_controller_peripheral.a(libsoftdevice_controller_s112_debug_soft__obfuscated.elf)
                0x0000000000000ee8                sym_HRCF6LWSDWPWEZA7S5YQFCNRDXXCJA6WGOZECRY
 .text          0x0000000000000f48       0x34 C:/ncs/v2.9.2/nrfxlib/softdevice_controller/lib/nrf52/soft-float/libsoftdevice_controller_peripheral.a(libsoftdevice_controller_s112_debug_soft__obfuscated.elf)
                0x0000000000000f48                sym_APXCWAGUBVOVC7H47YUQ2L4IAV2DPJETCDCHIVA
 .text          0x0000000000000f7c       0x4c C:/ncs/v2.9.2/nrfxlib/softdevice_controller/lib/nrf52/soft-float/libsoftdevice_controller_peripheral.a(libsoftdevice_controller_s112_debug_soft__obfuscated.elf)
                0x0000000000000f7c                sym_RGKYP5TXYS27EGT6ZHZS5EDDAZK5QGTWLBOBJEA
 .text          0x0000000000000fc8       0x18 C:/ncs/v2.9.2/nrfxlib/softdevice_controller/lib/nrf52/soft-float/libsoftdevice_controller_peripheral.a(libsoftdevice_controller_s112_debug_soft__obfuscated.elf)
                0x0000000000000fc8                sym_5EMU3BEOS6JCQEXTZ5M5LP72YGJNCV3W3R43AOI
 .text          0x0000000000000fe0       0xe0 C:/ncs/v2.9.2/nrfxlib/softdevice_controller/lib/nrf52/soft-float/libsoftdevice_controller_peripheral.a(libsoftdevice_controller_s112_debug_soft__obfuscated.elf)
                0x0000000000000fe0                sym_DVO2EX3JGPIV6FVT5SJBVRKA5UGS2QSHNQOVQ2A
 .text          0x00000000000010c0      0x100 C:/ncs/v2.9.2/nrfxlib/softdevice_controller/lib/nrf52/soft-float/libsoftdevice_controller_peripheral.a(libsoftdevice_controller_s112_debug_soft__obfuscated.elf)
 .text          0x00000000000011c0       0x14 C:/ncs/v2.9.2/nrfxlib/softdevice_controller/lib/nrf52/soft-float/libsoftdevice_controller_peripheral.a(libsoftdevice_controller_s112_debug_soft__obfuscated.elf)
                0x00000000000011c0                sym_Y5RIWFUVP4FHJFYC7FBZKM2MV7INK43TLWQ5URA
 .text          0x00000000000011d4      0x1a0 C:/ncs/v2.9.2/nrfxlib/softdevice_controller/lib/nrf52/soft-float/libsoftdevice_controller_peripheral.a(libsoftdevice_controller_s112_debug_soft__obfuscated.elf)
                0x00000000000011d4                sym_A32XXMQ5QRPQRH3R656RZXETZB6Y54SG45FSCYI
 .text          0x0000000000001374       0xc8 C:/ncs/v2.9.2/nrfxlib/softdevice_controller/lib/nrf52/soft-float/libsoftdevice_controller_peripheral.a(libsoftdevice_controller_s112_debug_soft__obfuscated.elf)
                0x0000000000001374                sym_CC522QK4M5MTSPVPJNGJXKYD5O54FC2LFC3D3QI
 .text          0x000000000000143c       0x2c C:/ncs/v2.9.2/nrfxlib/softdevice_controller/lib/nrf52/soft-float/libsoftdevice_controller_peripheral.a(libsoftdevice_controller_s112_debug_soft__obfuscated.elf)
                0x000000000000143c                sym_XQWU4MX22DPQIRRYTXBNWTH2DBYK7MH33FME7FI
 .text          0x0000000000001468       0x10 C:/ncs/v2.9.2/nrfxlib/softdevice_controller/lib/nrf52/soft-float/libsoftdevice_controller_peripheral.a(libsoftdevice_controller_s112_debug_soft__obfuscated.elf)
                0x0000000000001468                sym_DVVOECRRYK6EAGDREB2UKKQZT5MAOOUK66XNPTA
 .text          0x0000000000001478       0x18 C:/ncs/v2.9.2/nrfxlib/softdevice_controller/lib/nrf52/soft-float/libsoftdevice_controller_peripheral.a(libsoftdevice_controller_s112_debug_soft__obfuscated.elf)
 .text          0x0000000000001490       0x28 C:/ncs/v2.9.2/nrfxlib/softdevice_controller/lib/nrf52/soft-float/libsoftdevice_controller_peripheral.a(libsoftdevice_controller_s112_debug_soft__obfuscated.elf)
                0x0000000000001490                sym_EANB2LFFCPDZUHTPF7SNNYVWVGG3AE7JVOONSTY
 .text          0x00000000000014b8        0xc C:/ncs/v2.9.2/nrfxlib/softdevice_controller/lib/nrf52/soft-float/libsoftdevice_controller_peripheral.a(libsoftdevice_controller_s112_debug_soft__obfuscated.elf)
                0x00000000000014b8                sym_PRWTRTI5GPQHIT26MFBSSOCWTUYYRLQLJWD2ZOI
 .text          0x00000000000014c4       0x24 C:/ncs/v2.9.2/nrfxlib/softdevice_controller/lib/nrf52/soft-float/libsoftdevice_controller_peripheral.a(libsoftdevice_controller_s112_debug_soft__obfuscated.elf)
                0x00000000000014c4                sym_G4TIIR7KO3GHFF45HCHTIL3RIPRK2LVDQADUYJQ
 .text          0x00000000000014e8        0xc C:/ncs/v2.9.2/nrfxlib/softdevice_controller/lib/nrf52/soft-float/libsoftdevice_controller_peripheral.a(libsoftdevice_controller_s112_debug_soft__obfuscated.elf)
                0x00000000000014e8                sym_HG37ZAHWDO2P65KBJXRLV5PVSG5TCUWPMKZOZLQ
 .text          0x00000000000014f4       0x24 C:/ncs/v2.9.2/nrfxlib/softdevice_controller/lib/nrf52/soft-float/libsoftdevice_controller_peripheral.a(libsoftdevice_controller_s112_debug_soft__obfuscated.elf)
                0x00000000000014f4                sym_4W26TPGCKOCVVRKXQDBKGXGC2Y5LMZXNKS2QITA
 .text          0x0000000000001518        0xc C:/ncs/v2.9.2/nrfxlib/softdevice_controller/lib/nrf52/soft-float/libsoftdevice_controller_peripheral.a(libsoftdevice_controller_s112_debug_soft__obfuscated.elf)
                0x0000000000001518                sym_PBZPB3PSJJYSQQW7TH2XDGNLD2UYSZR6YJ4ZZNQ
 .text          0x0000000000001524       0x14 C:/ncs/v2.9.2/nrfxlib/softdevice_controller/lib/nrf52/soft-float/libsoftdevice_controller_peripheral.a(libsoftdevice_controller_s112_debug_soft__obfuscated.elf)
                0x0000000000001524                sym_HA7EOSELAQYVMG5UXMJGQLLFEIRQPB7MNOSYOXQ
 .text          0x0000000000001538       0x30 C:/ncs/v2.9.2/nrfxlib/softdevice_controller/lib/nrf52/soft-float/libsoftdevice_controller_peripheral.a(libsoftdevice_controller_s112_debug_soft__obfuscated.elf)
                0x0000000000001538                sym_MJMICEV3AHUJUDNI6JLXYNXCJNL4PTPUQLXISYA
 .text          0x0000000000001568       0x1c C:/ncs/v2.9.2/nrfxlib/softdevice_controller/lib/nrf52/soft-float/libsoftdevice_controller_peripheral.a(libsoftdevice_controller_s112_debug_soft__obfuscated.elf)
                0x0000000000001568                sym_REO6MG4FRJTNQQ56RDJDYGEWFEO5TFVYGRW6OLI
 .text          0x0000000000001584       0x30 C:/ncs/v2.9.2/nrfxlib/softdevice_controller/lib/nrf52/soft-float/libsoftdevice_controller_peripheral.a(libsoftdevice_controller_s112_debug_soft__obfuscated.elf)
                0x0000000000001584                sym_QKSVBALUN2V4XT4OCC56LE75IAYLDFRRIVLBZ2Q
 .text          0x00000000000015b4       0x30 C:/ncs/v2.9.2/nrfxlib/softdevice_controller/lib/nrf52/soft-float/libsoftdevice_controller_peripheral.a(libsoftdevice_controller_s112_debug_soft__obfuscated.elf)
                0x00000000000015b4                sym_WCOWXKSKBH7DOKKKINFZAPWXKW4NYAUCJWTUKBI
 .text          0x00000000000015e4       0x1c C:/ncs/v2.9.2/nrfxlib/softdevice_controller/lib/nrf52/soft-float/libsoftdevice_controller_peripheral.a(libsoftdevice_controller_s112_debug_soft__obfuscated.elf)
                0x00000000000015e4                sym_AO3U45UEGFLUPMT565ZR5UWUQUONF5AKILLCT3A
 .text          0x0000000000001600       0x48 C:/ncs/v2.9.2/nrfxlib/softdevice_controller/lib/nrf52/soft-float/libsoftdevice_controller_peripheral.a(libsoftdevice_controller_s112_debug_soft__obfuscated.elf)
 .text          0x0000000000001648       0x2c C:/ncs/v2.9.2/nrfxlib/softdevice_controller/lib/nrf52/soft-float/libsoftdevice_controller_peripheral.a(libsoftdevice_controller_s112_debug_soft__obfuscated.elf)
 .text          0x0000000000001674       0x9c C:/ncs/v2.9.2/nrfxlib/softdevice_controller/lib/nrf52/soft-float/libsoftdevice_controller_peripheral.a(libsoftdevice_controller_s112_debug_soft__obfuscated.elf)
 .text          0x0000000000001710       0xc0 C:/ncs/v2.9.2/nrfxlib/softdevice_controller/lib/nrf52/soft-float/libsoftdevice_controller_peripheral.a(libsoftdevice_controller_s112_debug_soft__obfuscated.elf)
 .text          0x00000000000017d0       0x18 C:/ncs/v2.9.2/nrfxlib/softdevice_controller/lib/nrf52/soft-float/libsoftdevice_controller_peripheral.a(libsoftdevice_controller_s112_debug_soft__obfuscated.elf)
                0x00000000000017d0                sym_BEUFSWAQKCWS5CDGVZRIC3BRKSTHGOKRJJDB32I
 .text          0x00000000000017e8       0x18 C:/ncs/v2.9.2/nrfxlib/softdevice_controller/lib/nrf52/soft-float/libsoftdevice_controller_peripheral.a(libsoftdevice_controller_s112_debug_soft__obfuscated.elf)
                0x00000000000017e8                sym_BAUTABQSJLBAZ6GNH7KOF4MJMAA6NF7CDAZNOEQ
 .text          0x0000000000001800       0x20 C:/ncs/v2.9.2/nrfxlib/softdevice_controller/lib/nrf52/soft-float/libsoftdevice_controller_peripheral.a(libsoftdevice_controller_s112_debug_soft__obfuscated.elf)
                0x0000000000001800                sym_62DUXM4M5AM4URNPP7IKDX3NCPAODBT4BMADGAY
 .text          0x0000000000001820        0xc C:/ncs/v2.9.2/nrfxlib/softdevice_controller/lib/nrf52/soft-float/libsoftdevice_controller_peripheral.a(libsoftdevice_controller_s112_debug_soft__obfuscated.elf)
                0x0000000000001820                sym_JQOBED6Y6P46KNYF2UD53QPDVNRPPOKMQL6EEBY
 .text          0x000000000000182c        0xc C:/ncs/v2.9.2/nrfxlib/softdevice_controller/lib/nrf52/soft-float/libsoftdevice_controller_peripheral.a(libsoftdevice_controller_s112_debug_soft__obfuscated.elf)
                0x000000000000182c                sym_RHRHCWPUPZHCOID576WBS7QZ2KAUT2GASS2T3QY
 .text          0x0000000000001838       0x30 C:/ncs/v2.9.2/nrfxlib/softdevice_controller/lib/nrf52/soft-float/libsoftdevice_controller_peripheral.a(libsoftdevice_controller_s112_debug_soft__obfuscated.elf)
                0x0000000000001838                sym_YAOI5BW7G2C6EUUY2B4S7A3CWX63A6MP2T3O5KA
 .text          0x0000000000001868       0x24 C:/ncs/v2.9.2/nrfxlib/softdevice_controller/lib/nrf52/soft-float/libsoftdevice_controller_peripheral.a(libsoftdevice_controller_s112_debug_soft__obfuscated.elf)
                0x0000000000001868                sym_2X6ZBBHQKFJV27I6OQZLD4IRAL5JANEGA5N34WA
 .text          0x000000000000188c       0xc8 C:/ncs/v2.9.2/nrfxlib/softdevice_controller/lib/nrf52/soft-float/libsoftdevice_controller_peripheral.a(libsoftdevice_controller_s112_debug_soft__obfuscated.elf)
                0x000000000000188c                sym_ZBPJ22BXDBC3S7A4QI6WOFWFQMYIGT2P4GNU3XA
 .text          0x0000000000001954       0x24 C:/ncs/v2.9.2/nrfxlib/softdevice_controller/lib/nrf52/soft-float/libsoftdevice_controller_peripheral.a(libsoftdevice_controller_s112_debug_soft__obfuscated.elf)
                0x0000000000001954                sym_DHR6XELGSD2MHYS7JWGEPSKXD43VLKKJDN33HMA
 .text          0x0000000000001978       0x20 C:/ncs/v2.9.2/nrfxlib/softdevice_controller/lib/nrf52/soft-float/libsoftdevice_controller_peripheral.a(libsoftdevice_controller_s112_debug_soft__obfuscated.elf)
                0x0000000000001978                sym_QEQGMTIGG3AOZQY7JM4T2FY2O3KM2UFUMT6Q7PI
 .text          0x0000000000001998       0x50 C:/ncs/v2.9.2/nrfxlib/softdevice_controller/lib/nrf52/soft-float/libsoftdevice_controller_peripheral.a(libsoftdevice_controller_s112_debug_soft__obfuscated.elf)
 .text          0x00000000000019e8       0xc4 C:/ncs/v2.9.2/nrfxlib/softdevice_controller/lib/nrf52/soft-float/libsoftdevice_controller_peripheral.a(libsoftdevice_controller_s112_debug_soft__obfuscated.elf)
                0x00000000000019e8                sym_4NT3PFFI5Z6RN57T2HW54HJZ23JEQUTUQPJLJGI
 .text          0x0000000000001aac       0x24 C:/ncs/v2.9.2/nrfxlib/softdevice_controller/lib/nrf52/soft-float/libsoftdevice_controller_peripheral.a(libsoftdevice_controller_s112_debug_soft__obfuscated.elf)
                0x0000000000001aac                sym_MYZDSWHZMVTUGPWK7CFFVMNCPRPZBKC3UH2GTLQ
 .text          0x0000000000001ad0       0x10 C:/ncs/v2.9.2/nrfxlib/softdevice_controller/lib/nrf52/soft-float/libsoftdevice_controller_peripheral.a(libsoftdevice_controller_s112_debug_soft__obfuscated.elf)
                0x0000000000001ad0                sym_JANNQMW3JZGYLNSOPAA2HBYBA6JBSX4W7VBR56Q
 .text          0x0000000000001ae0       0x20 C:/ncs/v2.9.2/nrfxlib/softdevice_controller/lib/nrf52/soft-float/libsoftdevice_controller_peripheral.a(libsoftdevice_controller_s112_debug_soft__obfuscated.elf)
                0x0000000000001ae0                sym_MAOKHHVPGVT23KVRN33B7KPEJU6F55EB66KOGDQ
 .text          0x0000000000001b00       0x20 C:/ncs/v2.9.2/nrfxlib/softdevice_controller/lib/nrf52/soft-float/libsoftdevice_controller_peripheral.a(libsoftdevice_controller_s112_debug_soft__obfuscated.elf)
                0x0000000000001b00                sym_S635TH4ZNECIWRKFWYBUXBZ3GFP7WORE4PRXDPQ
 .text          0x0000000000001b20       0x10 C:/ncs/v2.9.2/nrfxlib/softdevice_controller/lib/nrf52/soft-float/libsoftdevice_controller_peripheral.a(libsoftdevice_controller_s112_debug_soft__obfuscated.elf)
 .text          0x0000000000001b30      0x144 C:/ncs/v2.9.2/nrfxlib/softdevice_controller/lib/nrf52/soft-float/libsoftdevice_controller_peripheral.a(libsoftdevice_controller_s112_debug_soft__obfuscated.elf)
 .text          0x0000000000001c74       0x54 C:/ncs/v2.9.2/nrfxlib/softdevice_controller/lib/nrf52/soft-float/libsoftdevice_controller_peripheral.a(libsoftdevice_controller_s112_debug_soft__obfuscated.elf)
 .text          0x0000000000001cc8       0x28 C:/ncs/v2.9.2/nrfxlib/softdevice_controller/lib/nrf52/soft-float/libsoftdevice_controller_peripheral.a(libsoftdevice_controller_s112_debug_soft__obfuscated.elf)
                0x0000000000001cc8                sym_VKBDHCW5KWYFAEZJJBKQNHH4JDURIHHEJCK4SOA
 .text          0x0000000000001cf0       0x14 C:/ncs/v2.9.2/nrfxlib/softdevice_controller/lib/nrf52/soft-float/libsoftdevice_controller_peripheral.a(libsoftdevice_controller_s112_debug_soft__obfuscated.elf)
                0x0000000000001cf0                sym_JKMI2SFC2N7KXC6XI6ZEAONO7SV2US6LWEISHOY
 .text          0x0000000000001d04        0xc C:/ncs/v2.9.2/nrfxlib/softdevice_controller/lib/nrf52/soft-float/libsoftdevice_controller_peripheral.a(libsoftdevice_controller_s112_debug_soft__obfuscated.elf)
                0x0000000000001d04                sym_LZWMHZYOCOZFEZM63EFTHCONDNYRE5YDAMU6QDQ
 .text          0x0000000000001d10       0x3c C:/ncs/v2.9.2/nrfxlib/softdevice_controller/lib/nrf52/soft-float/libsoftdevice_controller_peripheral.a(libsoftdevice_controller_s112_debug_soft__obfuscated.elf)
                0x0000000000001d10                sym_XOOTGCSEAKA3PUKZW3QYB4DCVC2FKUP2TS5AZ5Q
 .text          0x0000000000001d4c       0x24 C:/ncs/v2.9.2/nrfxlib/softdevice_controller/lib/nrf52/soft-float/libsoftdevice_controller_peripheral.a(libsoftdevice_controller_s112_debug_soft__obfuscated.elf)
                0x0000000000001d4c                sym_XYMSM3YEXEOTUFIX3SPRBT27O44DJZKZVLNHELY
 .text          0x0000000000001d70       0x24 C:/ncs/v2.9.2/nrfxlib/softdevice_controller/lib/nrf52/soft-float/libsoftdevice_controller_peripheral.a(libsoftdevice_controller_s112_debug_soft__obfuscated.elf)
                0x0000000000001d70                sym_NJ23GB56DKRDWNC3A6OFPLEADGH3SOLDHUUSOYQ
 .text          0x0000000000001d94       0x30 C:/ncs/v2.9.2/nrfxlib/softdevice_controller/lib/nrf52/soft-float/libsoftdevice_controller_peripheral.a(libsoftdevice_controller_s112_debug_soft__obfuscated.elf)
                0x0000000000001d94                sym_K5GMJMBHBYPRCUIWKNEXGPSNQEZKEMBAP4JWHBQ
 .text          0x0000000000001dc4       0x30 C:/ncs/v2.9.2/nrfxlib/softdevice_controller/lib/nrf52/soft-float/libsoftdevice_controller_peripheral.a(libsoftdevice_controller_s112_debug_soft__obfuscated.elf)
                0x0000000000001dc4                sym_7LZ5OF5UTH4WGXV6IKS6GUUHKYRIWQTTIJXNBEY
 .text          0x0000000000001df4       0x34 C:/ncs/v2.9.2/nrfxlib/softdevice_controller/lib/nrf52/soft-float/libsoftdevice_controller_peripheral.a(libsoftdevice_controller_s112_debug_soft__obfuscated.elf)
                0x0000000000001df4                sym_77ICNIHY2R2L3JRP4ZLMOWZSS3UZRKJXJOBWTWI
 .text          0x0000000000001e28       0x88 C:/ncs/v2.9.2/nrfxlib/softdevice_controller/lib/nrf52/soft-float/libsoftdevice_controller_peripheral.a(libsoftdevice_controller_s112_debug_soft__obfuscated.elf)
 .text          0x0000000000001eb0       0x24 C:/ncs/v2.9.2/nrfxlib/softdevice_controller/lib/nrf52/soft-float/libsoftdevice_controller_peripheral.a(libsoftdevice_controller_s112_debug_soft__obfuscated.elf)
                0x0000000000001eb0                sym_ECAFXV3NMZ2THIWY27PTYY6WSGFWQJNAJOG5HIY
 .text          0x0000000000001ed4        0xc C:/ncs/v2.9.2/nrfxlib/softdevice_controller/lib/nrf52/soft-float/libsoftdevice_controller_peripheral.a(libsoftdevice_controller_s112_debug_soft__obfuscated.elf)
                0x0000000000001ed4                sym_FKU5SDIGNJ3CUR3VYEELCK5CK3EK42NLF7KQXSQ
 .text          0x0000000000001ee0        0xc C:/ncs/v2.9.2/nrfxlib/softdevice_controller/lib/nrf52/soft-float/libsoftdevice_controller_peripheral.a(libsoftdevice_controller_s112_debug_soft__obfuscated.elf)
                0x0000000000001ee0                sym_MD2ACKWOI3UMWSI6IONGH6VN62ROA3VVQP7HYBQ
 .text          0x0000000000001eec       0x60 C:/ncs/v2.9.2/nrfxlib/softdevice_controller/lib/nrf52/soft-float/libsoftdevice_controller_peripheral.a(libsoftdevice_controller_s112_debug_soft__obfuscated.elf)
                0x0000000000001eec                sym_VT36OYILRYR2ODZV34U7WHVGGSRS7VN6JG7WPYI
 .text          0x0000000000001f4c       0x48 C:/ncs/v2.9.2/nrfxlib/softdevice_controller/lib/nrf52/soft-float/libsoftdevice_controller_peripheral.a(libsoftdevice_controller_s112_debug_soft__obfuscated.elf)
                0x0000000000001f4c                sym_3BV6HS2RZST6R6C5ZWOISO6OTZHTSW3BAFXBSVQ
 .text          0x0000000000001f94       0x24 C:/ncs/v2.9.2/nrfxlib/softdevice_controller/lib/nrf52/soft-float/libsoftdevice_controller_peripheral.a(libsoftdevice_controller_s112_debug_soft__obfuscated.elf)
 .text          0x0000000000001fb8       0x68 C:/ncs/v2.9.2/nrfxlib/softdevice_controller/lib/nrf52/soft-float/libsoftdevice_controller_peripheral.a(libsoftdevice_controller_s112_debug_soft__obfuscated.elf)
 .text          0x0000000000002020       0x44 C:/ncs/v2.9.2/nrfxlib/softdevice_controller/lib/nrf52/soft-float/libsoftdevice_controller_peripheral.a(libsoftdevice_controller_s112_debug_soft__obfuscated.elf)
 .text          0x0000000000002064       0x2c C:/ncs/v2.9.2/nrfxlib/softdevice_controller/lib/nrf52/soft-float/libsoftdevice_controller_peripheral.a(libsoftdevice_controller_s112_debug_soft__obfuscated.elf)
 .text          0x0000000000002090       0xac C:/ncs/v2.9.2/nrfxlib/softdevice_controller/lib/nrf52/soft-float/libsoftdevice_controller_peripheral.a(libsoftdevice_controller_s112_debug_soft__obfuscated.elf)
 .text          0x000000000000213c       0x24 C:/ncs/v2.9.2/nrfxlib/softdevice_controller/lib/nrf52/soft-float/libsoftdevice_controller_peripheral.a(libsoftdevice_controller_s112_debug_soft__obfuscated.elf)
 .text          0x0000000000002160      0x114 C:/ncs/v2.9.2/nrfxlib/softdevice_controller/lib/nrf52/soft-float/libsoftdevice_controller_peripheral.a(libsoftdevice_controller_s112_debug_soft__obfuscated.elf)
 .text          0x0000000000002274       0xd4 C:/ncs/v2.9.2/nrfxlib/softdevice_controller/lib/nrf52/soft-float/libsoftdevice_controller_peripheral.a(libsoftdevice_controller_s112_debug_soft__obfuscated.elf)
 .text          0x0000000000002348      0x148 C:/ncs/v2.9.2/nrfxlib/softdevice_controller/lib/nrf52/soft-float/libsoftdevice_controller_peripheral.a(libsoftdevice_controller_s112_debug_soft__obfuscated.elf)
 .text          0x0000000000002490       0x48 C:/ncs/v2.9.2/nrfxlib/softdevice_controller/lib/nrf52/soft-float/libsoftdevice_controller_peripheral.a(libsoftdevice_controller_s112_debug_soft__obfuscated.elf)
 .text          0x00000000000024d8       0x10 C:/ncs/v2.9.2/nrfxlib/softdevice_controller/lib/nrf52/soft-float/libsoftdevice_controller_peripheral.a(libsoftdevice_controller_s112_debug_soft__obfuscated.elf)
 .text          0x00000000000024e8       0x54 C:/ncs/v2.9.2/nrfxlib/softdevice_controller/lib/nrf52/soft-float/libsoftdevice_controller_peripheral.a(libsoftdevice_controller_s112_debug_soft__obfuscated.elf)
 .text          0x000000000000253c       0x2c C:/ncs/v2.9.2/nrfxlib/softdevice_controller/lib/nrf52/soft-float/libsoftdevice_controller_peripheral.a(libsoftdevice_controller_s112_debug_soft__obfuscated.elf)
                0x000000000000253c                sym_4WIY2RAFLOZNOS4O5BEVWEYHIO3NV42IZ2Q2NWQ
 .text          0x0000000000002568       0x2c C:/ncs/v2.9.2/nrfxlib/softdevice_controller/lib/nrf52/soft-float/libsoftdevice_controller_peripheral.a(libsoftdevice_controller_s112_debug_soft__obfuscated.elf)
                0x0000000000002568                sym_KC3JIKE7HTERE3Q3BXMRUIDPAENUZKVBIDO6ODY
 .text          0x0000000000002594       0x10 C:/ncs/v2.9.2/nrfxlib/softdevice_controller/lib/nrf52/soft-float/libsoftdevice_controller_peripheral.a(libsoftdevice_controller_s112_debug_soft__obfuscated.elf)
                0x0000000000002594                sym_BPVIPCP3IMFHHNRASYWRUQPTOXIXQGWP3DTKXWI
 .text          0x00000000000025a4       0xb4 C:/ncs/v2.9.2/nrfxlib/softdevice_controller/lib/nrf52/soft-float/libsoftdevice_controller_peripheral.a(libsoftdevice_controller_s112_debug_soft__obfuscated.elf)
                0x00000000000025a4                sym_JIJASGQH4XEEPZL7D35VQHVPKKLANGDBS2M46NQ
 .text          0x0000000000002658      0x138 C:/ncs/v2.9.2/nrfxlib/softdevice_controller/lib/nrf52/soft-float/libsoftdevice_controller_peripheral.a(libsoftdevice_controller_s112_debug_soft__obfuscated.elf)
                0x0000000000002658                sym_KBJ4SX4MJK4IAM4DI3ILSISVXIP6O72O62TW3OQ
 .text          0x0000000000002790       0x78 C:/ncs/v2.9.2/nrfxlib/softdevice_controller/lib/nrf52/soft-float/libsoftdevice_controller_peripheral.a(libsoftdevice_controller_s112_debug_soft__obfuscated.elf)
 .text          0x0000000000002808       0x10 C:/ncs/v2.9.2/nrfxlib/softdevice_controller/lib/nrf52/soft-float/libsoftdevice_controller_peripheral.a(libsoftdevice_controller_s112_debug_soft__obfuscated.elf)
                0x0000000000002808                sym_PY5KUATPBYOYJBMP6H7AVRPSEO7BZX2JK524O6A
 .text          0x0000000000002818       0x3c C:/ncs/v2.9.2/nrfxlib/softdevice_controller/lib/nrf52/soft-float/libsoftdevice_controller_peripheral.a(libsoftdevice_controller_s112_debug_soft__obfuscated.elf)
                0x0000000000002818                sym_RPDYS5TXULS3Z2BQR7IFNSOINXPPN4LN764SRIY
 .text          0x0000000000002854        0x4 C:/ncs/v2.9.2/nrfxlib/softdevice_controller/lib/nrf52/soft-float/libsoftdevice_controller_peripheral.a(libsoftdevice_controller_s112_debug_soft__obfuscated.elf)
 .text          0x0000000000002858        0x8 C:/ncs/v2.9.2/nrfxlib/softdevice_controller/lib/nrf52/soft-float/libsoftdevice_controller_peripheral.a(libsoftdevice_controller_s112_debug_soft__obfuscated.elf)
 .text          0x0000000000002860        0x4 C:/ncs/v2.9.2/nrfxlib/softdevice_controller/lib/nrf52/soft-float/libsoftdevice_controller_peripheral.a(libsoftdevice_controller_s112_debug_soft__obfuscated.elf)
 .text          0x0000000000002864       0x18 C:/ncs/v2.9.2/nrfxlib/softdevice_controller/lib/nrf52/soft-float/libsoftdevice_controller_peripheral.a(libsoftdevice_controller_s112_debug_soft__obfuscated.elf)
 .text          0x000000000000287c       0x40 C:/ncs/v2.9.2/nrfxlib/softdevice_controller/lib/nrf52/soft-float/libsoftdevice_controller_peripheral.a(libsoftdevice_controller_s112_debug_soft__obfuscated.elf)
                0x000000000000287c                sym_6FVWF5AWPR7EN7BPHS4APSIUXYFZQTTZCMRDKPY
 .text          0x00000000000028bc       0x20 C:/ncs/v2.9.2/nrfxlib/softdevice_controller/lib/nrf52/soft-float/libsoftdevice_controller_peripheral.a(libsoftdevice_controller_s112_debug_soft__obfuscated.elf)
 .text          0x00000000000028dc       0x14 C:/ncs/v2.9.2/nrfxlib/softdevice_controller/lib/nrf52/soft-float/libsoftdevice_controller_peripheral.a(libsoftdevice_controller_s112_debug_soft__obfuscated.elf)
                0x00000000000028dc                sym_LOTFHGQTFUFWGX7HOTL4Q2XATGIJRVIMCMOYRMA
 .text          0x00000000000028f0       0x30 C:/ncs/v2.9.2/nrfxlib/softdevice_controller/lib/nrf52/soft-float/libsoftdevice_controller_peripheral.a(libsoftdevice_controller_s112_debug_soft__obfuscated.elf)
                0x00000000000028f0                sym_MDF364N4PQDEA5ZGP5CB3ZDZVZM5Q32KSEZZ5HI
 .text          0x0000000000002920       0x34 C:/ncs/v2.9.2/nrfxlib/softdevice_controller/lib/nrf52/soft-float/libsoftdevice_controller_peripheral.a(libsoftdevice_controller_s112_debug_soft__obfuscated.elf)
                0x0000000000002920                sym_XCEN5K7VEI2CAO42XW7S3FKM3HKMOCDCUFDX25Y
 .text          0x0000000000002954       0x44 C:/ncs/v2.9.2/nrfxlib/softdevice_controller/lib/nrf52/soft-float/libsoftdevice_controller_peripheral.a(libsoftdevice_controller_s112_debug_soft__obfuscated.elf)
                0x0000000000002954                sym_5DEPI2OGSPXE5OVFBPVFPSPYPRYUQ54QVVXIKNI
 .text          0x0000000000002998       0x34 C:/ncs/v2.9.2/nrfxlib/softdevice_controller/lib/nrf52/soft-float/libsoftdevice_controller_peripheral.a(libsoftdevice_controller_s112_debug_soft__obfuscated.elf)
                0x0000000000002998                sym_KZ5CVONZGMGIGNMI7YD6HLN3FXAAJK6OMEJW6BQ
 .text          0x00000000000029cc       0x28 C:/ncs/v2.9.2/nrfxlib/softdevice_controller/lib/nrf52/soft-float/libsoftdevice_controller_peripheral.a(libsoftdevice_controller_s112_debug_soft__obfuscated.elf)
                0x00000000000029cc                sym_ZQHB3ANU2DANFLJZLZL5U4SPQ2ZDVUAHI35744Y
 .text          0x00000000000029f4       0x10 C:/ncs/v2.9.2/nrfxlib/softdevice_controller/lib/nrf52/soft-float/libsoftdevice_controller_peripheral.a(libsoftdevice_controller_s112_debug_soft__obfuscated.elf)
                0x00000000000029f4                sym_TRMXENGHOH4VBQQZPIN222FLCEFU3Z3CD5C47DY
 .text          0x0000000000002a04       0x30 C:/ncs/v2.9.2/nrfxlib/softdevice_controller/lib/nrf52/soft-float/libsoftdevice_controller_peripheral.a(libsoftdevice_controller_s112_debug_soft__obfuscated.elf)
                0x0000000000002a04                sym_VIDE7XVSTT4HHX2MQJX6VUVABAKVNGIPRTLRLEQ
 .text          0x0000000000002a34       0x3c C:/ncs/v2.9.2/nrfxlib/softdevice_controller/lib/nrf52/soft-float/libsoftdevice_controller_peripheral.a(libsoftdevice_controller_s112_debug_soft__obfuscated.elf)
                0x0000000000002a34                sym_XPKSFPKFBNSTZZU4FUMGC3XRHAVS24BBL53HRMA
 .text          0x0000000000002a70       0x60 C:/ncs/v2.9.2/nrfxlib/softdevice_controller/lib/nrf52/soft-float/libsoftdevice_controller_peripheral.a(libsoftdevice_controller_s112_debug_soft__obfuscated.elf)
                0x0000000000002a70                sym_6Q45YYTUN2KDQ5V5UGE3T2LTI5FNGX6WIJYLIDI
 .text          0x0000000000002ad0       0x10 C:/ncs/v2.9.2/nrfxlib/softdevice_controller/lib/nrf52/soft-float/libsoftdevice_controller_peripheral.a(libsoftdevice_controller_s112_debug_soft__obfuscated.elf)
 .text          0x0000000000002ae0       0x58 C:/ncs/v2.9.2/nrfxlib/softdevice_controller/lib/nrf52/soft-float/libsoftdevice_controller_peripheral.a(libsoftdevice_controller_s112_debug_soft__obfuscated.elf)
 .text          0x0000000000002b38       0x30 C:/ncs/v2.9.2/nrfxlib/softdevice_controller/lib/nrf52/soft-float/libsoftdevice_controller_peripheral.a(libsoftdevice_controller_s112_debug_soft__obfuscated.elf)
 .text          0x0000000000002b68       0x64 C:/ncs/v2.9.2/nrfxlib/softdevice_controller/lib/nrf52/soft-float/libsoftdevice_controller_peripheral.a(libsoftdevice_controller_s112_debug_soft__obfuscated.elf)
 .text          0x0000000000002bcc       0x34 C:/ncs/v2.9.2/nrfxlib/softdevice_controller/lib/nrf52/soft-float/libsoftdevice_controller_peripheral.a(libsoftdevice_controller_s112_debug_soft__obfuscated.elf)
 .text          0x0000000000002c00       0x4c C:/ncs/v2.9.2/nrfxlib/softdevice_controller/lib/nrf52/soft-float/libsoftdevice_controller_peripheral.a(libsoftdevice_controller_s112_debug_soft__obfuscated.elf)
 .text          0x0000000000002c4c       0x38 C:/ncs/v2.9.2/nrfxlib/softdevice_controller/lib/nrf52/soft-float/libsoftdevice_controller_peripheral.a(libsoftdevice_controller_s112_debug_soft__obfuscated.elf)
 .text          0x0000000000002c84       0x1c C:/ncs/v2.9.2/nrfxlib/softdevice_controller/lib/nrf52/soft-float/libsoftdevice_controller_peripheral.a(libsoftdevice_controller_s112_debug_soft__obfuscated.elf)
 .text          0x0000000000002ca0       0x4c C:/ncs/v2.9.2/nrfxlib/softdevice_controller/lib/nrf52/soft-float/libsoftdevice_controller_peripheral.a(libsoftdevice_controller_s112_debug_soft__obfuscated.elf)
 .text          0x0000000000002cec       0x50 C:/ncs/v2.9.2/nrfxlib/softdevice_controller/lib/nrf52/soft-float/libsoftdevice_controller_peripheral.a(libsoftdevice_controller_s112_debug_soft__obfuscated.elf)
 .text          0x0000000000002d3c      0x108 C:/ncs/v2.9.2/nrfxlib/softdevice_controller/lib/nrf52/soft-float/libsoftdevice_controller_peripheral.a(libsoftdevice_controller_s112_debug_soft__obfuscated.elf)
 .text          0x0000000000002e44       0x74 C:/ncs/v2.9.2/nrfxlib/softdevice_controller/lib/nrf52/soft-float/libsoftdevice_controller_peripheral.a(libsoftdevice_controller_s112_debug_soft__obfuscated.elf)
                0x0000000000002e44                sym_RUQBFILZ5CHV2AAL6C3D2J5Y33TCCAPZTHBGZ3A
 .text          0x0000000000002eb8       0x10 C:/ncs/v2.9.2/nrfxlib/softdevice_controller/lib/nrf52/soft-float/libsoftdevice_controller_peripheral.a(libsoftdevice_controller_s112_debug_soft__obfuscated.elf)
                0x0000000000002eb8                sym_DRIMECVE2FH7O6C2LQ25QRVJOICPHLA5GC6TM2I
 .text          0x0000000000002ec8       0x30 C:/ncs/v2.9.2/nrfxlib/softdevice_controller/lib/nrf52/soft-float/libsoftdevice_controller_peripheral.a(libsoftdevice_controller_s112_debug_soft__obfuscated.elf)
                0x0000000000002ec8                sym_RSWA3KDPDNEX2QOFCEQGJOF7JZOR274BWTEY2JA
 .text          0x0000000000002ef8       0x48 C:/ncs/v2.9.2/nrfxlib/softdevice_controller/lib/nrf52/soft-float/libsoftdevice_controller_peripheral.a(libsoftdevice_controller_s112_debug_soft__obfuscated.elf)
                0x0000000000002ef8                sym_5M4NZWSJ6BHHJZLT6EUU64HNZ2KEYYSTH2RKH5I
 .text          0x0000000000002f40       0x58 C:/ncs/v2.9.2/nrfxlib/softdevice_controller/lib/nrf52/soft-float/libsoftdevice_controller_peripheral.a(libsoftdevice_controller_s112_debug_soft__obfuscated.elf)
                0x0000000000002f40                sym_5CHOZAQ75MOW32NPEGX5AYLDFVQR6HZCDXZY5PQ
 .text          0x0000000000002f98      0x138 C:/ncs/v2.9.2/nrfxlib/softdevice_controller/lib/nrf52/soft-float/libsoftdevice_controller_peripheral.a(libsoftdevice_controller_s112_debug_soft__obfuscated.elf)
                0x0000000000002f98                sym_JQ5GTNCJKXERB3SSKQRXLQOKWJQVRNEOVZZZVXI
 .text          0x00000000000030d0        0xc C:/ncs/v2.9.2/nrfxlib/softdevice_controller/lib/nrf52/soft-float/libsoftdevice_controller_peripheral.a(libsoftdevice_controller_s112_debug_soft__obfuscated.elf)
                0x00000000000030d0                sym_HE5JGYEZFIITGQL7PMATDHSORSCK7HJIY5UXOZA
 .text          0x00000000000030dc       0x14 C:/ncs/v2.9.2/nrfxlib/softdevice_controller/lib/nrf52/soft-float/libsoftdevice_controller_peripheral.a(libsoftdevice_controller_s112_debug_soft__obfuscated.elf)
                0x00000000000030dc                sym_YLRTPBVG5ROXKOW4KXUYITRUY3FD2MVZW5LF7ZA
 .text          0x00000000000030f0       0x38 C:/ncs/v2.9.2/nrfxlib/softdevice_controller/lib/nrf52/soft-float/libsoftdevice_controller_peripheral.a(libsoftdevice_controller_s112_debug_soft__obfuscated.elf)
                0x00000000000030f0                sym_GVSNNBZMBIJOMUA3FPIAVVC7S5MNBYUF4QELXZA
 .text          0x0000000000003128        0xc C:/ncs/v2.9.2/nrfxlib/softdevice_controller/lib/nrf52/soft-float/libsoftdevice_controller_peripheral.a(libsoftdevice_controller_s112_debug_soft__obfuscated.elf)
                0x0000000000003128                sym_ZQE76VUU7S5U7DETTZA65E75LHFWL5PGRN4JPHI
 .text          0x0000000000003134       0xa4 C:/ncs/v2.9.2/nrfxlib/softdevice_controller/lib/nrf52/soft-float/libsoftdevice_controller_peripheral.a(libsoftdevice_controller_s112_debug_soft__obfuscated.elf)
                0x0000000000003134                sym_6PPYXQQOLTVZ6DHASA45P4Y6MOJ5US37OHECCGI
 .text          0x00000000000031d8       0x28 C:/ncs/v2.9.2/nrfxlib/softdevice_controller/lib/nrf52/soft-float/libsoftdevice_controller_peripheral.a(libsoftdevice_controller_s112_debug_soft__obfuscated.elf)
                0x00000000000031d8                sym_E7IS652W2J5N5UTHP752WOA4YNSR7E5S5H4J2AA
 .text          0x0000000000003200       0xa4 C:/ncs/v2.9.2/nrfxlib/softdevice_controller/lib/nrf52/soft-float/libsoftdevice_controller_peripheral.a(libsoftdevice_controller_s112_debug_soft__obfuscated.elf)
                0x0000000000003200                sym_A5S3P57NWYYY5XJWBYERU6H4QSVP5TCTU7HKA5Y
 .text          0x00000000000032a4       0x80 C:/ncs/v2.9.2/nrfxlib/softdevice_controller/lib/nrf52/soft-float/libsoftdevice_controller_peripheral.a(libsoftdevice_controller_s112_debug_soft__obfuscated.elf)
                0x00000000000032a4                sym_2YSDS7VWGMSD5CN64D2VGQIYXBV3A6NJCHWFZEY
 .text          0x0000000000003324        0xc C:/ncs/v2.9.2/nrfxlib/softdevice_controller/lib/nrf52/soft-float/libsoftdevice_controller_peripheral.a(libsoftdevice_controller_s112_debug_soft__obfuscated.elf)
                0x0000000000003324                sym_XD56LJG2JTRU4Q2V7WCY72EI3VTZICA3O4ERV2A
 .text          0x0000000000003330       0x10 C:/ncs/v2.9.2/nrfxlib/softdevice_controller/lib/nrf52/soft-float/libsoftdevice_controller_peripheral.a(libsoftdevice_controller_s112_debug_soft__obfuscated.elf)
                0x0000000000003330                sym_YG4UROEKVB7ZBE5TWHLNJHYKSFBTXGBYAX3RXRI
 .text          0x0000000000003340       0x24 C:/ncs/v2.9.2/nrfxlib/softdevice_controller/lib/nrf52/soft-float/libsoftdevice_controller_peripheral.a(libsoftdevice_controller_s112_debug_soft__obfuscated.elf)
                0x0000000000003340                sym_LPFN6QJEOHBT4AP2K7MEYWDZW35U5VHIHXOA54I
 .text          0x0000000000003364       0x48 C:/ncs/v2.9.2/nrfxlib/softdevice_controller/lib/nrf52/soft-float/libsoftdevice_controller_peripheral.a(libsoftdevice_controller_s112_debug_soft__obfuscated.elf)
                0x0000000000003364                sym_Y6HXZQJARJ7FDWKGPREPQGRRGDOQMXHDALUK6KY
 .text          0x00000000000033ac       0x18 C:/ncs/v2.9.2/nrfxlib/softdevice_controller/lib/nrf52/soft-float/libsoftdevice_controller_peripheral.a(libsoftdevice_controller_s112_debug_soft__obfuscated.elf)
                0x00000000000033ac                sym_RXYEX777ZXB2E2DXJWDBCV7AAHWTCHNTLOSENBY
 .text          0x00000000000033c4       0x1c C:/ncs/v2.9.2/nrfxlib/softdevice_controller/lib/nrf52/soft-float/libsoftdevice_controller_peripheral.a(libsoftdevice_controller_s112_debug_soft__obfuscated.elf)
                0x00000000000033c4                sym_PCLF3MATC3G3MYGRPG4ATMGCS6N4B7M5CSF2C2Y
 .text          0x00000000000033e0       0x40 C:/ncs/v2.9.2/nrfxlib/softdevice_controller/lib/nrf52/soft-float/libsoftdevice_controller_peripheral.a(libsoftdevice_controller_s112_debug_soft__obfuscated.elf)
                0x00000000000033e0                sym_2GNBSSSS7HPV6RZQ52VFCGRXSPA3KLWISQSF42I
 .text          0x0000000000003420      0x264 C:/ncs/v2.9.2/nrfxlib/softdevice_controller/lib/nrf52/soft-float/libsoftdevice_controller_peripheral.a(libsoftdevice_controller_s112_debug_soft__obfuscated.elf)
                0x0000000000003420                sym_EMR2H7KEGRFFKS6A4P3ZPPGOJSTVXLGRI25MEYQ
 .text          0x0000000000003684       0x10 C:/ncs/v2.9.2/nrfxlib/softdevice_controller/lib/nrf52/soft-float/libsoftdevice_controller_peripheral.a(libsoftdevice_controller_s112_debug_soft__obfuscated.elf)
                0x0000000000003684                sym_V67AIMSO57NYVNGXZF2PDQSJQJLITHU4KD4CKAY
 .text          0x0000000000003694        0xc C:/ncs/v2.9.2/nrfxlib/softdevice_controller/lib/nrf52/soft-float/libsoftdevice_controller_peripheral.a(libsoftdevice_controller_s112_debug_soft__obfuscated.elf)
                0x0000000000003694                sym_UX6VBOIQ7ULLMX3I6UDFOFZ6IT2DVZKKVIEVRMY
 .text          0x00000000000036a0       0x10 C:/ncs/v2.9.2/nrfxlib/softdevice_controller/lib/nrf52/soft-float/libsoftdevice_controller_peripheral.a(libsoftdevice_controller_s112_debug_soft__obfuscated.elf)
                0x00000000000036a0                sym_L4JTLGMK2AWYAAPRB3O77773SG36X2NTZJ3FAHA
 .text          0x00000000000036b0       0x1c C:/ncs/v2.9.2/nrfxlib/softdevice_controller/lib/nrf52/soft-float/libsoftdevice_controller_peripheral.a(libsoftdevice_controller_s112_debug_soft__obfuscated.elf)
                0x00000000000036b0                sym_WD6EQ3FQVKOAARDWHQJJC5SVKHQS7A2MF5YDCPA
 .text          0x00000000000036cc       0x1c C:/ncs/v2.9.2/nrfxlib/softdevice_controller/lib/nrf52/soft-float/libsoftdevice_controller_peripheral.a(libsoftdevice_controller_s112_debug_soft__obfuscated.elf)
                0x00000000000036cc                sym_WGW6HZ6PNLYQSUJALICWZO27AY5UJWYCU6B6ACI
 .text          0x00000000000036e8       0x34 C:/ncs/v2.9.2/nrfxlib/softdevice_controller/lib/nrf52/soft-float/libsoftdevice_controller_peripheral.a(libsoftdevice_controller_s112_debug_soft__obfuscated.elf)
                0x00000000000036e8                sym_7VLVVPDI26BVJ64XQBSGXOQYGQA4VH5APIPDGYA
 .text          0x000000000000371c       0x38 C:/ncs/v2.9.2/nrfxlib/softdevice_controller/lib/nrf52/soft-float/libsoftdevice_controller_peripheral.a(libsoftdevice_controller_s112_debug_soft__obfuscated.elf)
                0x000000000000371c                sym_55XNA7W2CQFJPCH62ZAKHLPISYHJ7KMNREEN6EA
 .text          0x0000000000003754       0xa0 C:/ncs/v2.9.2/nrfxlib/softdevice_controller/lib/nrf52/soft-float/libsoftdevice_controller_peripheral.a(libsoftdevice_controller_s112_debug_soft__obfuscated.elf)
                0x0000000000003754                sym_472GCM45ITLH5GOXITRUEUJXOU6SPVHTMEVFHWQ
 .text          0x00000000000037f4        0xc C:/ncs/v2.9.2/nrfxlib/mpsl/fem/common/lib/nrf52/soft-float/libmpsl_fem_common.a(libmpsl_fem_common_debug_soft__obfuscated.elf)
                0x00000000000037f4                mpsl_fem_enable
 .text          0x0000000000003800        0xc C:/ncs/v2.9.2/nrfxlib/mpsl/fem/common/lib/nrf52/soft-float/libmpsl_fem_common.a(libmpsl_fem_common_debug_soft__obfuscated.elf)
                0x0000000000003800                mpsl_fem_disable
 .text          0x000000000000380c        0xc C:/ncs/v2.9.2/nrfxlib/mpsl/fem/common/lib/nrf52/soft-float/libmpsl_fem_common.a(libmpsl_fem_common_debug_soft__obfuscated.elf)
                0x000000000000380c                mpsl_fem_pa_configuration_set
 .text          0x0000000000003818        0xc C:/ncs/v2.9.2/nrfxlib/mpsl/fem/common/lib/nrf52/soft-float/libmpsl_fem_common.a(libmpsl_fem_common_debug_soft__obfuscated.elf)
                0x0000000000003818                mpsl_fem_lna_configuration_set
 .text          0x0000000000003824        0xc C:/ncs/v2.9.2/nrfxlib/mpsl/fem/common/lib/nrf52/soft-float/libmpsl_fem_common.a(libmpsl_fem_common_debug_soft__obfuscated.elf)
                0x0000000000003824                mpsl_fem_pa_configuration_clear
 .text          0x0000000000003830        0xc C:/ncs/v2.9.2/nrfxlib/mpsl/fem/common/lib/nrf52/soft-float/libmpsl_fem_common.a(libmpsl_fem_common_debug_soft__obfuscated.elf)
                0x0000000000003830                mpsl_fem_lna_configuration_clear
 .text          0x000000000000383c        0xc C:/ncs/v2.9.2/nrfxlib/mpsl/fem/common/lib/nrf52/soft-float/libmpsl_fem_common.a(libmpsl_fem_common_debug_soft__obfuscated.elf)
                0x000000000000383c                mpsl_fem_pa_power_control_set
 .text          0x0000000000003848       0x14 C:/ncs/v2.9.2/nrfxlib/mpsl/fem/common/lib/nrf52/soft-float/libmpsl_fem_common.a(libmpsl_fem_common_debug_soft__obfuscated.elf)
                0x0000000000003848                mpsl_fem_tx_power_split
 .text          0x000000000000385c        0xc C:/ncs/v2.9.2/nrfxlib/mpsl/fem/common/lib/nrf52/soft-float/libmpsl_fem_common.a(libmpsl_fem_common_debug_soft__obfuscated.elf)
                0x000000000000385c                mpsl_fem_device_config_254_apply_get
 .text          0x0000000000003868       0x44 C:/ncs/v2.9.2/nrfxlib/mpsl/fem/common/lib/nrf52/soft-float/libmpsl_fem_common.a(libmpsl_fem_common_debug_soft__obfuscated.elf)
                0x0000000000003868                mpsl_fem_utils_available_cc_channels_cache
 .text          0x00000000000038ac        0xc C:/ncs/v2.9.2/nrfxlib/mpsl/lib/nrf52/soft-float/libmpsl.a(libmpsl_debug_soft__obfuscated.elf)
                0x00000000000038ac                sym_3NUECOSAIC227DBCPHAP4U7EQ3UBTGANU5ASIOA
 .text          0x00000000000038b8       0x34 C:/ncs/v2.9.2/nrfxlib/mpsl/lib/nrf52/soft-float/libmpsl.a(libmpsl_debug_soft__obfuscated.elf)
                0x00000000000038b8                sym_QLJBNB55XHXGY3EZ4W3ZZ3U6AVPE2YGDOXRUZSQ
 .text          0x00000000000038ec       0x54 C:/ncs/v2.9.2/nrfxlib/mpsl/lib/nrf52/soft-float/libmpsl.a(libmpsl_debug_soft__obfuscated.elf)
                0x00000000000038ec                sym_VWOYI7XCNXBFVPWSS6WFJ2CWKPJYCMRRQTU7QWQ
 .text          0x0000000000003940       0x20 C:/ncs/v2.9.2/nrfxlib/mpsl/lib/nrf52/soft-float/libmpsl.a(libmpsl_debug_soft__obfuscated.elf)
                0x0000000000003940                mpsl_tx_power_radio_supported_power_adjust
 .text          0x0000000000003960       0x80 C:/ncs/v2.9.2/nrfxlib/mpsl/lib/nrf52/soft-float/libmpsl.a(libmpsl_debug_soft__obfuscated.elf)
                0x0000000000003960                sym_JBMIQXYLJQQB56KLSIZ2WVKBMEMRZHLRBGLEPTA
 .text          0x00000000000039e0       0x18 C:/ncs/v2.9.2/nrfxlib/mpsl/lib/nrf52/soft-float/libmpsl.a(libmpsl_debug_soft__obfuscated.elf)
                0x00000000000039e0                sym_XK3TMLCZALCYYWGULGHQIRSOBMPIIPJ7HEMOZIQ
 .text          0x00000000000039f8        0xc C:/ncs/v2.9.2/nrfxlib/mpsl/lib/nrf52/soft-float/libmpsl.a(libmpsl_debug_soft__obfuscated.elf)
                0x00000000000039f8                sym_PIRI3CTIHOPR5MPDQRHBJRRZEA2NVOD4J3GXGOA
 .text          0x0000000000003a04       0x1c C:/ncs/v2.9.2/nrfxlib/mpsl/lib/nrf52/soft-float/libmpsl.a(libmpsl_debug_soft__obfuscated.elf)
                0x0000000000003a04                sym_LIY23QT3GHIV7NCGJ6ZW6LB2ZUSI56CIFCL6HUY
 .text          0x0000000000003a20       0x30 C:/ncs/v2.9.2/nrfxlib/mpsl/lib/nrf52/soft-float/libmpsl.a(libmpsl_debug_soft__obfuscated.elf)
                0x0000000000003a20                sym_V4BKJ3JML36CWEOV3IXWZR6UWSBWXTXWM2DI3TY
 .text          0x0000000000003a50       0x10 C:/ncs/v2.9.2/nrfxlib/mpsl/lib/nrf52/soft-float/libmpsl.a(libmpsl_debug_soft__obfuscated.elf)
                0x0000000000003a50                sym_KOE6VAFEEMU6WWJIX2YPZ4GY7B7U3D4BFIDGCKQ
 .text          0x0000000000003a60       0x14 C:/ncs/v2.9.2/nrfxlib/mpsl/lib/nrf52/soft-float/libmpsl.a(libmpsl_debug_soft__obfuscated.elf)
                0x0000000000003a60                sym_3SZAYBC5OCNQZBIVUZYG7A3DU4BAGVEUO2Y2ZRA
 .text          0x0000000000003a74        0xc C:/ncs/v2.9.2/nrfxlib/mpsl/lib/nrf52/soft-float/libmpsl.a(libmpsl_debug_soft__obfuscated.elf)
                0x0000000000003a74                sym_2KMHJG6IWTS4F37J76OPGV6TB6CGBJE6GPXD32Q
 .text          0x0000000000003a80        0xc C:/ncs/v2.9.2/nrfxlib/mpsl/lib/nrf52/soft-float/libmpsl.a(libmpsl_debug_soft__obfuscated.elf)
                0x0000000000003a80                sym_NOQLYJY4KXAQRVVN7T7QV7ANR4MNJAXOKJCQGHI
 .text          0x0000000000003a8c        0xc C:/ncs/v2.9.2/nrfxlib/mpsl/lib/nrf52/soft-float/libmpsl.a(libmpsl_debug_soft__obfuscated.elf)
                0x0000000000003a8c                sym_4NCCWTMBQU3U24NGOPOJYU4GP7PEJI4KR44Q5XI
 .text          0x0000000000003a98       0x54 C:/ncs/v2.9.2/nrfxlib/mpsl/lib/nrf52/soft-float/libmpsl.a(libmpsl_debug_soft__obfuscated.elf)
                0x0000000000003a98                sym_SZY4T6T72ISUROFDISQMFS5CC42KNF4SOI35VUY
 .text          0x0000000000003aec       0x28 C:/ncs/v2.9.2/nrfxlib/mpsl/lib/nrf52/soft-float/libmpsl.a(libmpsl_debug_soft__obfuscated.elf)
                0x0000000000003aec                sym_ZA5SDIYL3AVNDD7AHK7E7AUJI3LEYUOUHLD4V7A
 .text          0x0000000000003b14       0x34 C:/ncs/v2.9.2/nrfxlib/mpsl/lib/nrf52/soft-float/libmpsl.a(libmpsl_debug_soft__obfuscated.elf)
 .text          0x0000000000003b48       0x34 C:/ncs/v2.9.2/nrfxlib/mpsl/lib/nrf52/soft-float/libmpsl.a(libmpsl_debug_soft__obfuscated.elf)
                0x0000000000003b48                sym_BRWWBUSI76W7RNK4752SPUHXUPDEXM36TXJBBPY
 .text          0x0000000000003b7c       0x50 C:/ncs/v2.9.2/nrfxlib/mpsl/lib/nrf52/soft-float/libmpsl.a(libmpsl_debug_soft__obfuscated.elf)
                0x0000000000003b7c                sym_KDVUZRFFNEKEYZUMWT3PLTLXHLI66NLVCZIQ63I
 .text          0x0000000000003bcc       0x78 C:/ncs/v2.9.2/nrfxlib/mpsl/lib/nrf52/soft-float/libmpsl.a(libmpsl_debug_soft__obfuscated.elf)
                0x0000000000003bcc                sym_PPHZHUJXI7LPAEI5QUASSIIGHAIVT4H7EME7O3Y
 .text          0x0000000000003c44       0xf0 C:/ncs/v2.9.2/nrfxlib/mpsl/lib/nrf52/soft-float/libmpsl.a(libmpsl_debug_soft__obfuscated.elf)
                0x0000000000003c44                MPSL_IRQ_CLOCK_Handler
 .text          0x0000000000003d34       0x18 C:/ncs/v2.9.2/nrfxlib/mpsl/lib/nrf52/soft-float/libmpsl.a(libmpsl_debug_soft__obfuscated.elf)
                0x0000000000003d34                sym_76IVKPQMZOZ7IXNJTGMWOSIWIVCASAX3TTNHN7I
 .text          0x0000000000003d4c      0x248 C:/ncs/v2.9.2/nrfxlib/mpsl/lib/nrf52/soft-float/libmpsl.a(libmpsl_debug_soft__obfuscated.elf)
                0x0000000000003d4c                sym_GYXW4XY25R4ELPOOTEBFKAUAI3X7A5AGZZV7OTI
 .text          0x0000000000003f94       0x20 C:/ncs/v2.9.2/nrfxlib/mpsl/lib/nrf52/soft-float/libmpsl.a(libmpsl_debug_soft__obfuscated.elf)
                0x0000000000003f94                mpsl_clock_hfclk_request
 .text          0x0000000000003fb4       0x1c C:/ncs/v2.9.2/nrfxlib/mpsl/lib/nrf52/soft-float/libmpsl.a(libmpsl_debug_soft__obfuscated.elf)
                0x0000000000003fb4                mpsl_clock_hfclk_release
 .text          0x0000000000003fd0        0xc C:/ncs/v2.9.2/nrfxlib/mpsl/lib/nrf52/soft-float/libmpsl.a(libmpsl_debug_soft__obfuscated.elf)
                0x0000000000003fd0                sym_SKFSQME5SGNPYLL7B75KY7PHXFYWSRI2HSTT45A
 .text          0x0000000000003fdc       0x1c C:/ncs/v2.9.2/nrfxlib/mpsl/lib/nrf52/soft-float/libmpsl.a(libmpsl_debug_soft__obfuscated.elf)
                0x0000000000003fdc                sym_4RNEPYYQOFM4LAOGLN2TB27X7L3XBISTGAWYOHQ
 .text          0x0000000000003ff8       0x1c C:/ncs/v2.9.2/nrfxlib/mpsl/lib/nrf52/soft-float/libmpsl.a(libmpsl_debug_soft__obfuscated.elf)
                0x0000000000003ff8                sym_XYQTP7YX2XFVREW5KFDH2NNPGRIPEHKIO2RURYI
 .text          0x0000000000004014       0x6c C:/ncs/v2.9.2/nrfxlib/mpsl/lib/nrf52/soft-float/libmpsl.a(libmpsl_debug_soft__obfuscated.elf)
                0x0000000000004014                sym_V6OT7EKSQC3XEJK5ZWNACQF7LLICCSE7X3C3ECY
 .text          0x0000000000004080       0x58 C:/ncs/v2.9.2/nrfxlib/mpsl/lib/nrf52/soft-float/libmpsl.a(libmpsl_debug_soft__obfuscated.elf)
                0x0000000000004080                sym_AOU55ZK756JLPLCLZ5TZSSVKOAWWFUNQZATBXUI
 .text          0x00000000000040d8       0xb4 C:/ncs/v2.9.2/nrfxlib/mpsl/lib/nrf52/soft-float/libmpsl.a(libmpsl_debug_soft__obfuscated.elf)
                0x00000000000040d8                sym_OLT7BBJAMRJJV5HK3QZCAOG3B3FGZ46HFC5VINI
 .text          0x000000000000418c       0x34 C:/ncs/v2.9.2/nrfxlib/mpsl/lib/nrf52/soft-float/libmpsl.a(libmpsl_debug_soft__obfuscated.elf)
                0x000000000000418c                sym_PITJNQC6YSCEFAH23N5QRORZDKCSKOAUGBUS6GA
 .text          0x00000000000041c0       0x2c C:/ncs/v2.9.2/nrfxlib/mpsl/lib/nrf52/soft-float/libmpsl.a(libmpsl_debug_soft__obfuscated.elf)
                0x00000000000041c0                MPSL_IRQ_RADIO_Handler
 .text          0x00000000000041ec       0x40 C:/ncs/v2.9.2/nrfxlib/mpsl/lib/nrf52/soft-float/libmpsl.a(libmpsl_debug_soft__obfuscated.elf)
 .text          0x000000000000422c       0x38 C:/ncs/v2.9.2/nrfxlib/mpsl/lib/nrf52/soft-float/libmpsl.a(libmpsl_debug_soft__obfuscated.elf)
 .text          0x0000000000004264       0x2c C:/ncs/v2.9.2/nrfxlib/mpsl/lib/nrf52/soft-float/libmpsl.a(libmpsl_debug_soft__obfuscated.elf)
 .text          0x0000000000004290       0x58 C:/ncs/v2.9.2/nrfxlib/mpsl/lib/nrf52/soft-float/libmpsl.a(libmpsl_debug_soft__obfuscated.elf)
 .text          0x00000000000042e8       0x54 C:/ncs/v2.9.2/nrfxlib/mpsl/lib/nrf52/soft-float/libmpsl.a(libmpsl_debug_soft__obfuscated.elf)
 .text          0x000000000000433c       0x44 C:/ncs/v2.9.2/nrfxlib/mpsl/lib/nrf52/soft-float/libmpsl.a(libmpsl_debug_soft__obfuscated.elf)
 .text          0x0000000000004380       0xac C:/ncs/v2.9.2/nrfxlib/mpsl/lib/nrf52/soft-float/libmpsl.a(libmpsl_debug_soft__obfuscated.elf)
                0x0000000000004380                sym_3SK52U5TD4ACVVYKWS6UI6ZPWKSLV6BW5IGCPJI
 .text          0x000000000000442c        0xc C:/ncs/v2.9.2/nrfxlib/mpsl/lib/nrf52/soft-float/libmpsl.a(libmpsl_debug_soft__obfuscated.elf)
                0x000000000000442c                sym_RUQO26WM5KVVEW7O3OHCXPO7LLLXRBDPIPSWIWY
 .text          0x0000000000004438        0xc C:/ncs/v2.9.2/nrfxlib/mpsl/lib/nrf52/soft-float/libmpsl.a(libmpsl_debug_soft__obfuscated.elf)
                0x0000000000004438                sym_M4DIQOXJAE3BNHQBIUCZXAABSM24CWUEJOCU7DY
 .text          0x0000000000004444       0x20 C:/ncs/v2.9.2/nrfxlib/mpsl/lib/nrf52/soft-float/libmpsl.a(libmpsl_debug_soft__obfuscated.elf)
                0x0000000000004444                sym_E5Q6O4GY4KO3GMW7WJYXLZKHO7ZGDWLU4ZPAKWA
 .text          0x0000000000004464      0x128 C:/ncs/v2.9.2/nrfxlib/mpsl/lib/nrf52/soft-float/libmpsl.a(libmpsl_debug_soft__obfuscated.elf)
                0x0000000000004464                sym_2ZDZA75WOMRNSQ6XL7IZWAQKYFFSRJOGBGKPTIQ
 .text          0x000000000000458c       0xb4 C:/ncs/v2.9.2/nrfxlib/mpsl/lib/nrf52/soft-float/libmpsl.a(libmpsl_debug_soft__obfuscated.elf)
                0x000000000000458c                sym_TSYEIN5CZPQE3YK6VECZD5C2M4LMXKKH6O7LNAY
 .text          0x0000000000004640       0xc4 C:/ncs/v2.9.2/nrfxlib/mpsl/lib/nrf52/soft-float/libmpsl.a(libmpsl_debug_soft__obfuscated.elf)
                0x0000000000004640                sym_X2K67YH6UCW6TFK6NTLPZZFGWYHTTPZYK5PXHNQ
 .text          0x0000000000004704       0x20 C:/ncs/v2.9.2/nrfxlib/mpsl/lib/nrf52/soft-float/libmpsl.a(libmpsl_debug_soft__obfuscated.elf)
                0x0000000000004704                sym_OLTN5HGCU3P74AJAQRGNYBUXASUKWF3RI2Q3H5Q
 .text          0x0000000000004724       0x30 C:/ncs/v2.9.2/nrfxlib/mpsl/lib/nrf52/soft-float/libmpsl.a(libmpsl_debug_soft__obfuscated.elf)
                0x0000000000004724                sym_Y3UVF6YHRTBBXFJQDE7OMEAPPATQJFJYHW45BGI
 .text          0x0000000000004754       0x68 C:/ncs/v2.9.2/nrfxlib/mpsl/lib/nrf52/soft-float/libmpsl.a(libmpsl_debug_soft__obfuscated.elf)
                0x0000000000004754                MPSL_IRQ_RTC0_Handler
 .text          0x00000000000047bc       0x80 C:/ncs/v2.9.2/nrfxlib/mpsl/lib/nrf52/soft-float/libmpsl.a(libmpsl_debug_soft__obfuscated.elf)
                0x00000000000047bc                MPSL_IRQ_TIMER0_Handler
 .text          0x000000000000483c      0x39c C:/ncs/v2.9.2/nrfxlib/mpsl/lib/nrf52/soft-float/libmpsl.a(libmpsl_debug_soft__obfuscated.elf)
 .text          0x0000000000004bd8      0x250 C:/ncs/v2.9.2/nrfxlib/mpsl/lib/nrf52/soft-float/libmpsl.a(libmpsl_debug_soft__obfuscated.elf)
 .text          0x0000000000004e28      0x11c C:/ncs/v2.9.2/nrfxlib/mpsl/lib/nrf52/soft-float/libmpsl.a(libmpsl_debug_soft__obfuscated.elf)
 .text          0x0000000000004f44       0xb8 C:/ncs/v2.9.2/nrfxlib/mpsl/lib/nrf52/soft-float/libmpsl.a(libmpsl_debug_soft__obfuscated.elf)
 .text          0x0000000000004ffc      0x13c C:/ncs/v2.9.2/nrfxlib/mpsl/lib/nrf52/soft-float/libmpsl.a(libmpsl_debug_soft__obfuscated.elf)
 .text          0x0000000000005138       0xe4 C:/ncs/v2.9.2/nrfxlib/mpsl/lib/nrf52/soft-float/libmpsl.a(libmpsl_debug_soft__obfuscated.elf)
 .text          0x000000000000521c      0x140 C:/ncs/v2.9.2/nrfxlib/mpsl/lib/nrf52/soft-float/libmpsl.a(libmpsl_debug_soft__obfuscated.elf)
 .text          0x000000000000535c       0x70 C:/ncs/v2.9.2/nrfxlib/mpsl/lib/nrf52/soft-float/libmpsl.a(libmpsl_debug_soft__obfuscated.elf)
                0x000000000000535c                sym_ZC6NJBPUISWILQK6OTOBMJVVUT63JRIDGH5WNCY
 .text          0x00000000000053cc      0x290 C:/ncs/v2.9.2/nrfxlib/mpsl/lib/nrf52/soft-float/libmpsl.a(libmpsl_debug_soft__obfuscated.elf)
                0x00000000000053cc                sym_SFR5TVV24PZRIRC5QGOHL2X436PUHKRY2QWKP5Y
 .text          0x000000000000565c       0x58 C:/ncs/v2.9.2/nrfxlib/mpsl/lib/nrf52/soft-float/libmpsl.a(libmpsl_debug_soft__obfuscated.elf)
                0x000000000000565c                sym_RPHL2J7CVNKM6GKLDIFI4NVAPZE2FHTYW4VJSJI
 .text          0x00000000000056b4       0x34 C:/ncs/v2.9.2/nrfxlib/mpsl/lib/nrf52/soft-float/libmpsl.a(libmpsl_debug_soft__obfuscated.elf)
                0x00000000000056b4                sym_CFZK3G6ZC4ONUAYO2UALWQ4CBO7A6ADNAS2FS7Y
 .text          0x00000000000056e8       0x1c C:/ncs/v2.9.2/nrfxlib/mpsl/lib/nrf52/soft-float/libmpsl.a(libmpsl_debug_soft__obfuscated.elf)
                0x00000000000056e8                sym_W447CEMR6K6QRW3N63PRPIR7NK6ENOSBFXLCPRQ
 .text          0x0000000000005704        0xc C:/ncs/v2.9.2/nrfxlib/mpsl/lib/nrf52/soft-float/libmpsl.a(libmpsl_debug_soft__obfuscated.elf)
                0x0000000000005704                sym_EZCQMUV45JOX3SUBGR2I2RCWLQJ2CQZGHXB7H6Q
 .text          0x0000000000005710      0x1e4 C:/ncs/v2.9.2/nrfxlib/mpsl/lib/nrf52/soft-float/libmpsl.a(libmpsl_debug_soft__obfuscated.elf)
                0x0000000000005710                sym_CVH6S6LMSFPC2RM6I6LYWFRVOJUD3A6OCMG7AAI
 .text          0x00000000000058f4      0x4c4 C:/ncs/v2.9.2/nrfxlib/mpsl/lib/nrf52/soft-float/libmpsl.a(libmpsl_debug_soft__obfuscated.elf)
                0x00000000000058f4                sym_NFDFVOR5BUFND4TNTGYIYR4ARXJRXWSQ4PVFUKY
 .text          0x0000000000005db8      0x1e8 C:/ncs/v2.9.2/nrfxlib/mpsl/lib/nrf52/soft-float/libmpsl.a(libmpsl_debug_soft__obfuscated.elf)
                0x0000000000005db8                sym_R4Y3KWNYX4PGGLE5X2L7DXMWMJUY3DOXD7LSUKY
 .text          0x0000000000005fa0      0x1a4 C:/ncs/v2.9.2/nrfxlib/mpsl/lib/nrf52/soft-float/libmpsl.a(libmpsl_debug_soft__obfuscated.elf)
                0x0000000000005fa0                sym_J5F7QGRFPKMLWRNSXZXS5YI7BM4DUTISCOASCOA
 .text          0x0000000000006144       0x98 C:/ncs/v2.9.2/nrfxlib/mpsl/lib/nrf52/soft-float/libmpsl.a(libmpsl_debug_soft__obfuscated.elf)
                0x0000000000006144                sym_URFU24FFGR2HYB6CCPIPKPNZNMTWHKDYOATUJNY
 .text          0x00000000000061dc        0x4 C:/ncs/v2.9.2/nrfxlib/mpsl/lib/nrf52/soft-float/libmpsl.a(libmpsl_debug_soft__obfuscated.elf)
                0x00000000000061dc                sym_6TZLBWMEWRMPI4KKAUVLC2XHUBDGXEA4B4JJJYQ
 .text          0x00000000000061e0      0x250 C:/ncs/v2.9.2/nrfxlib/mpsl/lib/nrf52/soft-float/libmpsl.a(libmpsl_debug_soft__obfuscated.elf)
                0x00000000000061e0                sym_QWOE5H22ZADGJX5JSROW7BOI32Z6PPEEJCISNOQ
 .text          0x0000000000006430      0x284 C:/ncs/v2.9.2/nrfxlib/mpsl/lib/nrf52/soft-float/libmpsl.a(libmpsl_debug_soft__obfuscated.elf)
                0x0000000000006430                sym_DQFOGVCNU4NTOMWSL3IYDNCMIXT2LT7SZHL5IHI
 .text          0x00000000000066b4       0x24 C:/ncs/v2.9.2/nrfxlib/mpsl/lib/nrf52/soft-float/libmpsl.a(libmpsl_debug_soft__obfuscated.elf)
 .text          0x00000000000066d8       0x30 C:/ncs/v2.9.2/nrfxlib/mpsl/lib/nrf52/soft-float/libmpsl.a(libmpsl_debug_soft__obfuscated.elf)
 .text          0x0000000000006708       0x30 C:/ncs/v2.9.2/nrfxlib/mpsl/lib/nrf52/soft-float/libmpsl.a(libmpsl_debug_soft__obfuscated.elf)
 .text          0x0000000000006738       0x2c C:/ncs/v2.9.2/nrfxlib/mpsl/lib/nrf52/soft-float/libmpsl.a(libmpsl_debug_soft__obfuscated.elf)
 .text          0x0000000000006764       0x78 C:/ncs/v2.9.2/nrfxlib/mpsl/lib/nrf52/soft-float/libmpsl.a(libmpsl_debug_soft__obfuscated.elf)
                0x0000000000006764                mpsl_init
 .text          0x00000000000067dc       0x14 C:/ncs/v2.9.2/nrfxlib/mpsl/lib/nrf52/soft-float/libmpsl.a(libmpsl_debug_soft__obfuscated.elf)
                0x00000000000067dc                sym_4JLKMM32SOXCP6XBYAWZDUIMUJIYXLKKDBOFLHI
 .text          0x00000000000067f0       0x58 C:/ncs/v2.9.2/nrfxlib/mpsl/lib/nrf52/soft-float/libmpsl.a(libmpsl_debug_soft__obfuscated.elf)
                0x00000000000067f0                sym_S2UAPMFVIQXDUOA6CV7GJMB33TYHEUH5D6LHO5Q
 .text          0x0000000000006848       0x28 C:/ncs/v2.9.2/nrfxlib/mpsl/lib/nrf52/soft-float/libmpsl.a(libmpsl_debug_soft__obfuscated.elf)
                0x0000000000006848                sym_XR32KBBIVYD5OVRJM2RBQ57EGCCM2C3F5IY6OHQ
 .text          0x0000000000006870        0xc C:/ncs/v2.9.2/nrfxlib/mpsl/lib/nrf52/soft-float/libmpsl.a(libmpsl_debug_soft__obfuscated.elf)
                0x0000000000006870                mpsl_is_initialized
 .text          0x000000000000687c       0xdc C:/ncs/v2.9.2/nrfxlib/mpsl/lib/nrf52/soft-float/libmpsl.a(libmpsl_debug_soft__obfuscated.elf)
 .text          0x0000000000006958      0x184 C:/ncs/v2.9.2/nrfxlib/mpsl/lib/nrf52/soft-float/libmpsl.a(libmpsl_debug_soft__obfuscated.elf)
                0x0000000000006958                sym_KRTSAGE6UQEKIDTX7YT7JTDHPIQDYPJEPVEBI7Y
 .text          0x0000000000006adc       0x14 C:/ncs/v2.9.2/nrfxlib/mpsl/lib/nrf52/soft-float/libmpsl.a(libmpsl_debug_soft__obfuscated.elf)
                0x0000000000006adc                mpsl_ecb_block_encrypt_extended
 .text          0x0000000000006af0       0x7c C:/ncs/v2.9.2/nrfxlib/mpsl/lib/nrf52/soft-float/libmpsl.a(libmpsl_debug_soft__obfuscated.elf)
                0x0000000000006af0                mpsl_temperature_get
 .text          0x0000000000006b6c       0x38 C:/ncs/v2.9.2/nrfxlib/mpsl/lib/nrf52/soft-float/libmpsl.a(libmpsl_debug_soft__obfuscated.elf)
                0x0000000000006b6c                sym_W7ROFHNOSDKPIRUKDGIZZ5YR3MC3DAM2YLJOUIA
 .text          0x0000000000006ba4       0x20 C:/ncs/v2.9.2/nrfxlib/mpsl/lib/nrf52/soft-float/libmpsl.a(libmpsl_debug_soft__obfuscated.elf)
                0x0000000000006ba4                sym_BJJ4JJDCVJTQH3OQZK6RMMOLISQZEJEZ3BJOKJY
 .text          0x0000000000006bc4       0x38 C:/ncs/v2.9.2/nrfxlib/mpsl/lib/nrf52/soft-float/libmpsl.a(libmpsl_debug_soft__obfuscated.elf)
                0x0000000000006bc4                sym_GURZ3AH6X65RGSKYMYNWZVP6HM56LA5MRAQWT6Q
 .text          0x0000000000006bfc       0x50 C:/ncs/v2.9.2/nrfxlib/mpsl/lib/nrf52/soft-float/libmpsl.a(libmpsl_debug_soft__obfuscated.elf)
                0x0000000000006bfc                sym_VWGRUQT3LYZHLYS5KJ7UOCJEHLDJTWH4RVJBGKQ
 .text          0x0000000000006c4c       0x18 C:/ncs/v2.9.2/nrfxlib/mpsl/lib/nrf52/soft-float/libmpsl.a(libmpsl_debug_soft__obfuscated.elf)
                0x0000000000006c4c                sym_CG4RHEKAJT5SDDAMNZDGCGOIJ7U3JN5EOJ5RYKA
 .text          0x0000000000006c64       0x14 C:/ncs/v2.9.2/nrfxlib/mpsl/lib/nrf52/soft-float/libmpsl.a(libmpsl_debug_soft__obfuscated.elf)
                0x0000000000006c64                sym_BN6ZO2NBHRGKZ2NRQYWFBXVGKNG6Y5K55UNAWGA
 .text          0x0000000000006c78       0x14 C:/ncs/v2.9.2/nrfxlib/mpsl/lib/nrf52/soft-float/libmpsl.a(libmpsl_debug_soft__obfuscated.elf)
                0x0000000000006c78                sym_5EMXP3L6SPQSCAJKKRH62ZOKJCCSKLI3WEX2WHY
 .text          0x0000000000006c8c       0x14 C:/ncs/v2.9.2/nrfxlib/mpsl/lib/nrf52/soft-float/libmpsl.a(libmpsl_debug_soft__obfuscated.elf)
                0x0000000000006c8c                sym_H2QJCU2ORTYAFBAQQ2FHUYIAZO4HCXEKCQ4SS2Q
 .text          0x0000000000006ca0       0x14 C:/ncs/v2.9.2/nrfxlib/mpsl/lib/nrf52/soft-float/libmpsl.a(libmpsl_debug_soft__obfuscated.elf)
                0x0000000000006ca0                sym_SWIBDSDMHUYNCG5ZWLB52J7NETJIUBPCO5IIQFA
 .text          0x0000000000006cb4       0x18 C:/ncs/v2.9.2/nrfxlib/mpsl/lib/nrf52/soft-float/libmpsl.a(libmpsl_debug_soft__obfuscated.elf)
                0x0000000000006cb4                sym_QPP3IZFSWHUV4JQ6ODMIVIARPB4PQYUFESV7BRQ
 .text          0x0000000000006ccc       0x14 C:/ncs/v2.9.2/nrfxlib/mpsl/lib/nrf52/soft-float/libmpsl.a(libmpsl_debug_soft__obfuscated.elf)
                0x0000000000006ccc                sym_6PVOPWDLWTXOTRZZ7LP36TLYTLPTQHNAUQNFHEA
 .text          0x0000000000006ce0       0x14 C:/ncs/v2.9.2/nrfxlib/mpsl/lib/nrf52/soft-float/libmpsl.a(libmpsl_debug_soft__obfuscated.elf)
                0x0000000000006ce0                sym_USR4MDT6VMTQLOGKNN4MALBZ3GJPD2KOEY4HFAQ
 .text          0x0000000000006cf4       0x18 C:/ncs/v2.9.2/nrfxlib/mpsl/lib/nrf52/soft-float/libmpsl.a(libmpsl_debug_soft__obfuscated.elf)
                0x0000000000006cf4                sym_NQG4U7UYIQILZLC5ENYCA4NQMQM6PBAZC345PPA
 .text          0x0000000000006d0c       0x20 C:/ncs/v2.9.2/nrfxlib/mpsl/lib/nrf52/soft-float/libmpsl.a(libmpsl_debug_soft__obfuscated.elf)
                0x0000000000006d0c                sym_YNH6KDZL2GMJ2KPUX5DEER63BRE7IOGBY3KCQAQ
 .text          0x0000000000006d2c       0x20 C:/ncs/v2.9.2/nrfxlib/mpsl/lib/nrf52/soft-float/libmpsl.a(libmpsl_debug_soft__obfuscated.elf)
                0x0000000000006d2c                sym_6AONFMPWPBAZBMQ4KY5PX7QPX2FM4UPZQRFPZSQ
 .text          0x0000000000006d4c       0x34 C:/ncs/v2.9.2/nrfxlib/mpsl/lib/nrf52/soft-float/libmpsl.a(libmpsl_debug_soft__obfuscated.elf)
                0x0000000000006d4c                sym_4WL3TG4Q7RCTFEMPQ2CQTOL4PAKUULDPJUM5DTY
 .text          0x0000000000006d80       0x54 C:/ncs/v2.9.2/nrfxlib/mpsl/lib/nrf52/soft-float/libmpsl.a(libmpsl_debug_soft__obfuscated.elf)
 .text          0x0000000000006dd4       0x88 C:/ncs/v2.9.2/nrfxlib/mpsl/lib/nrf52/soft-float/libmpsl.a(libmpsl_debug_soft__obfuscated.elf)
                0x0000000000006dd4                sym_2FGI6PRNKAQGGACVKJNWC6EWB4C4ZZYUSEGOPOI
 .text          0x0000000000006e5c       0xb0 C:/ncs/v2.9.2/nrfxlib/mpsl/lib/nrf52/soft-float/libmpsl.a(libmpsl_debug_soft__obfuscated.elf)
                0x0000000000006e5c                sym_R66O3ZG7PAFXV56YPWXD7FGU6UB3QYBQIHK33BQ
 .text          0x0000000000006f0c       0x8c C:/ncs/v2.9.2/nrfxlib/mpsl/lib/nrf52/soft-float/libmpsl.a(libmpsl_debug_soft__obfuscated.elf)
                0x0000000000006f0c                sym_525JLJ5JEQ6FEZGTSIW74UTOCUZ2F4YECMQ6KVQ
 .text          0x0000000000006f98       0xf0 C:/ncs/v2.9.2/nrfxlib/mpsl/lib/nrf52/soft-float/libmpsl.a(libmpsl_debug_soft__obfuscated.elf)
                0x0000000000006f98                sym_DQONLUECJTIEYFOFJXXAPJO4POIAJKJNKBGVN5A
 .text          0x0000000000007088       0xd8 C:/ncs/v2.9.2/nrfxlib/mpsl/lib/nrf52/soft-float/libmpsl.a(libmpsl_debug_soft__obfuscated.elf)
                0x0000000000007088                sym_VSILKYHVQ5DVF6LG5MG267DQVA3A2XZQ6FSCLXA
 .text          0x0000000000007160       0x5e C:/ncs/v2.9.2/nrfxlib/softdevice_controller/lib/nrf52/soft-float/libsoftdevice_controller_peripheral.a(libsoftdevice_controller_s112_debug_soft__obfuscated.elf)
                0x0000000000007160                sym_CNH7SD2WCGFAHI2ANQOF3HHV2F3WYQDABEB6D2I
 .text          0x00000000000071be       0x6c C:/ncs/v2.9.2/nrfxlib/softdevice_controller/lib/nrf52/soft-float/libsoftdevice_controller_peripheral.a(libsoftdevice_controller_s112_debug_soft__obfuscated.elf)
                0x00000000000071be                sym_XBPRCWTRXORTYBBILZLCEINUIX4S5BJ5RTZD2RY
 .text          0x000000000000722a      0x24c C:/ncs/v2.9.2/nrfxlib/softdevice_controller/lib/nrf52/soft-float/libsoftdevice_controller_peripheral.a(libsoftdevice_controller_s112_debug_soft__obfuscated.elf)
                0x000000000000722a                sym_XMQQMVD4MD6DRWNW2DWSCGOMJHFY3IX7NXUHTGI
 .text          0x0000000000007476       0x20 C:/ncs/v2.9.2/nrfxlib/softdevice_controller/lib/nrf52/soft-float/libsoftdevice_controller_peripheral.a(libsoftdevice_controller_s112_debug_soft__obfuscated.elf)
                0x0000000000007476                sdc_hci_get
 .text          0x0000000000007496        0xa C:/ncs/v2.9.2/nrfxlib/softdevice_controller/lib/nrf52/soft-float/libsoftdevice_controller_peripheral.a(libsoftdevice_controller_s112_debug_soft__obfuscated.elf)
                0x0000000000007496                sdc_hci_cmd_cb_set_event_mask
 .text          0x00000000000074a0       0x30 C:/ncs/v2.9.2/nrfxlib/softdevice_controller/lib/nrf52/soft-float/libsoftdevice_controller_peripheral.a(libsoftdevice_controller_s112_debug_soft__obfuscated.elf)
                0x00000000000074a0                sdc_hci_cmd_vs_zephyr_read_version_info
 .text          0x00000000000074d0        0x4 C:/ncs/v2.9.2/nrfxlib/softdevice_controller/lib/nrf52/soft-float/libsoftdevice_controller_peripheral.a(libsoftdevice_controller_s112_debug_soft__obfuscated.elf)
                0x00000000000074d0                sdc_hci_cmd_vs_zephyr_write_bd_addr
 .text          0x00000000000074d4       0xa4 C:/ncs/v2.9.2/nrfxlib/softdevice_controller/lib/nrf52/soft-float/libsoftdevice_controller_peripheral.a(libsoftdevice_controller_s112_debug_soft__obfuscated.elf)
                0x00000000000074d4                sdc_hci_cmd_vs_zephyr_read_static_addresses
 .text          0x0000000000007578       0xa2 C:/ncs/v2.9.2/nrfxlib/softdevice_controller/lib/nrf52/soft-float/libsoftdevice_controller_peripheral.a(libsoftdevice_controller_s112_debug_soft__obfuscated.elf)
                0x0000000000007578                sdc_hci_cmd_vs_zephyr_read_key_hierarchy_roots
 .text          0x000000000000761a       0x2c C:/ncs/v2.9.2/nrfxlib/softdevice_controller/lib/nrf52/soft-float/libsoftdevice_controller_peripheral.a(libsoftdevice_controller_s112_debug_soft__obfuscated.elf)
                0x000000000000761a                sdc_hci_cmd_vs_zephyr_read_chip_temp
 .text          0x0000000000007646        0x4 C:/ncs/v2.9.2/nrfxlib/softdevice_controller/lib/nrf52/soft-float/libsoftdevice_controller_peripheral.a(libsoftdevice_controller_s112_debug_soft__obfuscated.elf)
                0x0000000000007646                sdc_hci_cmd_vs_llpm_mode_set
 .text          0x000000000000764a        0x4 C:/ncs/v2.9.2/nrfxlib/softdevice_controller/lib/nrf52/soft-float/libsoftdevice_controller_peripheral.a(libsoftdevice_controller_s112_debug_soft__obfuscated.elf)
                0x000000000000764a                sdc_hci_cmd_vs_conn_update
 .text          0x000000000000764e        0x4 C:/ncs/v2.9.2/nrfxlib/softdevice_controller/lib/nrf52/soft-float/libsoftdevice_controller_peripheral.a(libsoftdevice_controller_s112_debug_soft__obfuscated.elf)
                0x000000000000764e                sdc_hci_cmd_vs_conn_event_extend
 .text          0x0000000000007652        0xc C:/ncs/v2.9.2/nrfxlib/softdevice_controller/lib/nrf52/soft-float/libsoftdevice_controller_peripheral.a(libsoftdevice_controller_s112_debug_soft__obfuscated.elf)
                0x0000000000007652                sdc_hci_cmd_vs_qos_conn_event_report_enable
 .text          0x000000000000765e        0x4 C:/ncs/v2.9.2/nrfxlib/softdevice_controller/lib/nrf52/soft-float/libsoftdevice_controller_peripheral.a(libsoftdevice_controller_s112_debug_soft__obfuscated.elf)
                0x000000000000765e                sdc_hci_cmd_vs_event_length_set
 .text          0x0000000000007662        0x4 C:/ncs/v2.9.2/nrfxlib/softdevice_controller/lib/nrf52/soft-float/libsoftdevice_controller_peripheral.a(libsoftdevice_controller_s112_debug_soft__obfuscated.elf)
                0x0000000000007662                sdc_hci_cmd_vs_set_adv_randomness
 .text          0x0000000000007666        0x4 C:/ncs/v2.9.2/nrfxlib/softdevice_controller/lib/nrf52/soft-float/libsoftdevice_controller_peripheral.a(libsoftdevice_controller_s112_debug_soft__obfuscated.elf)
                0x0000000000007666                sdc_hci_cmd_vs_set_role_priority
 .text          0x000000000000766a        0x4 C:/ncs/v2.9.2/nrfxlib/softdevice_controller/lib/nrf52/soft-float/libsoftdevice_controller_peripheral.a(libsoftdevice_controller_s112_debug_soft__obfuscated.elf)
                0x000000000000766a                sdc_hci_cmd_ip_read_local_version_information
 .text          0x000000000000766e        0x4 C:/ncs/v2.9.2/nrfxlib/softdevice_controller/lib/nrf52/soft-float/libsoftdevice_controller_peripheral.a(libsoftdevice_controller_s112_debug_soft__obfuscated.elf)
                0x000000000000766e                sdc_hci_cmd_ip_read_bd_addr
 .text          0x0000000000007672        0xa C:/ncs/v2.9.2/nrfxlib/softdevice_controller/lib/nrf52/soft-float/libsoftdevice_controller_peripheral.a(libsoftdevice_controller_s112_debug_soft__obfuscated.elf)
                0x0000000000007672                sdc_hci_cmd_le_set_event_mask
 .text          0x000000000000767c        0x4 C:/ncs/v2.9.2/nrfxlib/softdevice_controller/lib/nrf52/soft-float/libsoftdevice_controller_peripheral.a(libsoftdevice_controller_s112_debug_soft__obfuscated.elf)
                0x000000000000767c                sdc_hci_cmd_le_read_buffer_size
 .text          0x0000000000007680        0x4 C:/ncs/v2.9.2/nrfxlib/softdevice_controller/lib/nrf52/soft-float/libsoftdevice_controller_peripheral.a(libsoftdevice_controller_s112_debug_soft__obfuscated.elf)
                0x0000000000007680                sdc_hci_cmd_le_set_random_address
 .text          0x0000000000007684        0x4 C:/ncs/v2.9.2/nrfxlib/softdevice_controller/lib/nrf52/soft-float/libsoftdevice_controller_peripheral.a(libsoftdevice_controller_s112_debug_soft__obfuscated.elf)
                0x0000000000007684                sdc_hci_cmd_le_set_adv_params
 .text          0x0000000000007688        0x4 C:/ncs/v2.9.2/nrfxlib/softdevice_controller/lib/nrf52/soft-float/libsoftdevice_controller_peripheral.a(libsoftdevice_controller_s112_debug_soft__obfuscated.elf)
                0x0000000000007688                sdc_hci_cmd_le_read_adv_physical_channel_tx_power
 .text          0x000000000000768c        0x4 C:/ncs/v2.9.2/nrfxlib/softdevice_controller/lib/nrf52/soft-float/libsoftdevice_controller_peripheral.a(libsoftdevice_controller_s112_debug_soft__obfuscated.elf)
                0x000000000000768c                sdc_hci_cmd_le_set_adv_data
 .text          0x0000000000007690        0x4 C:/ncs/v2.9.2/nrfxlib/softdevice_controller/lib/nrf52/soft-float/libsoftdevice_controller_peripheral.a(libsoftdevice_controller_s112_debug_soft__obfuscated.elf)
                0x0000000000007690                sdc_hci_cmd_le_set_scan_response_data
 .text          0x0000000000007694        0x4 C:/ncs/v2.9.2/nrfxlib/softdevice_controller/lib/nrf52/soft-float/libsoftdevice_controller_peripheral.a(libsoftdevice_controller_s112_debug_soft__obfuscated.elf)
                0x0000000000007694                sdc_hci_cmd_le_set_adv_enable
 .text          0x0000000000007698        0x4 C:/ncs/v2.9.2/nrfxlib/softdevice_controller/lib/nrf52/soft-float/libsoftdevice_controller_peripheral.a(libsoftdevice_controller_s112_debug_soft__obfuscated.elf)
                0x0000000000007698                sdc_hci_cmd_le_read_filter_accept_list_size
 .text          0x000000000000769c        0x4 C:/ncs/v2.9.2/nrfxlib/softdevice_controller/lib/nrf52/soft-float/libsoftdevice_controller_peripheral.a(libsoftdevice_controller_s112_debug_soft__obfuscated.elf)
                0x000000000000769c                sdc_hci_cmd_le_clear_filter_accept_list
 .text          0x00000000000076a0        0x4 C:/ncs/v2.9.2/nrfxlib/softdevice_controller/lib/nrf52/soft-float/libsoftdevice_controller_peripheral.a(libsoftdevice_controller_s112_debug_soft__obfuscated.elf)
                0x00000000000076a0                sdc_hci_cmd_le_add_device_to_filter_accept_list
 .text          0x00000000000076a4        0x4 C:/ncs/v2.9.2/nrfxlib/softdevice_controller/lib/nrf52/soft-float/libsoftdevice_controller_peripheral.a(libsoftdevice_controller_s112_debug_soft__obfuscated.elf)
                0x00000000000076a4                sdc_hci_cmd_le_remove_device_from_filter_accept_list
 .text          0x00000000000076a8        0x4 C:/ncs/v2.9.2/nrfxlib/softdevice_controller/lib/nrf52/soft-float/libsoftdevice_controller_peripheral.a(libsoftdevice_controller_s112_debug_soft__obfuscated.elf)
                0x00000000000076a8                sdc_hci_cmd_le_encrypt
 .text          0x00000000000076ac        0x4 C:/ncs/v2.9.2/nrfxlib/softdevice_controller/lib/nrf52/soft-float/libsoftdevice_controller_peripheral.a(libsoftdevice_controller_s112_debug_soft__obfuscated.elf)
                0x00000000000076ac                sdc_hci_cmd_le_rand
 .text          0x00000000000076b0        0x8 C:/ncs/v2.9.2/nrfxlib/softdevice_controller/lib/nrf52/soft-float/libsoftdevice_controller_peripheral.a(libsoftdevice_controller_s112_debug_soft__obfuscated.elf)
                0x00000000000076b0                sdc_hci_cmd_le_long_term_key_request_negative_reply
 .text          0x00000000000076b8        0x4 C:/ncs/v2.9.2/nrfxlib/softdevice_controller/lib/nrf52/soft-float/libsoftdevice_controller_peripheral.a(libsoftdevice_controller_s112_debug_soft__obfuscated.elf)
                0x00000000000076b8                sdc_hci_cmd_le_read_transmit_power
 .text          0x00000000000076bc        0x4 C:/ncs/v2.9.2/nrfxlib/softdevice_controller/lib/nrf52/soft-float/libsoftdevice_controller_peripheral.a(libsoftdevice_controller_s112_debug_soft__obfuscated.elf)
                0x00000000000076bc                sdc_hci_cmd_le_set_data_related_address_changes
 .text          0x00000000000076c0       0x42 C:/ncs/v2.9.2/nrfxlib/softdevice_controller/lib/nrf52/soft-float/libsoftdevice_controller_peripheral.a(libsoftdevice_controller_s112_debug_soft__obfuscated.elf)
                0x00000000000076c0                sym_A7PVZLRTORLFMETW3GOBE4DG32WTH46LP2SW5QQ
 .text          0x0000000000007702       0x26 C:/ncs/v2.9.2/nrfxlib/softdevice_controller/lib/nrf52/soft-float/libsoftdevice_controller_peripheral.a(libsoftdevice_controller_s112_debug_soft__obfuscated.elf)
                0x0000000000007702                sym_E56LW5YVGUG6HP2OML5URHI7K2KCWX5ULQKQOKY
 .text          0x0000000000007728       0x38 C:/ncs/v2.9.2/nrfxlib/softdevice_controller/lib/nrf52/soft-float/libsoftdevice_controller_peripheral.a(libsoftdevice_controller_s112_debug_soft__obfuscated.elf)
                0x0000000000007728                sym_PTZ4EWNTFK5S5TZGCBNFETDF37P4DBX7VGM33II
 .text          0x0000000000007760       0x48 C:/ncs/v2.9.2/nrfxlib/softdevice_controller/lib/nrf52/soft-float/libsoftdevice_controller_peripheral.a(libsoftdevice_controller_s112_debug_soft__obfuscated.elf)
                0x0000000000007760                sym_JTNP7UFMKYWSFCHJEA5IASO3QVW3HK4YV6YOJYQ
 .text          0x00000000000077a8       0x3c C:/ncs/v2.9.2/nrfxlib/softdevice_controller/lib/nrf52/soft-float/libsoftdevice_controller_peripheral.a(libsoftdevice_controller_s112_debug_soft__obfuscated.elf)
 .text          0x00000000000077e4       0x10 C:/ncs/v2.9.2/nrfxlib/softdevice_controller/lib/nrf52/soft-float/libsoftdevice_controller_peripheral.a(libsoftdevice_controller_s112_debug_soft__obfuscated.elf)
 .text          0x00000000000077f4       0x32 C:/ncs/v2.9.2/nrfxlib/softdevice_controller/lib/nrf52/soft-float/libsoftdevice_controller_peripheral.a(libsoftdevice_controller_s112_debug_soft__obfuscated.elf)
                0x00000000000077f4                sym_HNCDHITBYWLO4GMOSPKCO7YXRRWIUQ2IKIZ4C5A
 .text          0x0000000000007826       0x2a C:/ncs/v2.9.2/nrfxlib/softdevice_controller/lib/nrf52/soft-float/libsoftdevice_controller_peripheral.a(libsoftdevice_controller_s112_debug_soft__obfuscated.elf)
                0x0000000000007826                sym_WDNTHBFS7DQM3AR7WDCR7ZEICFH5ZM5PJ35BRPY
 .text          0x0000000000007850        0x6 C:/ncs/v2.9.2/nrfxlib/softdevice_controller/lib/nrf52/soft-float/libsoftdevice_controller_peripheral.a(libsoftdevice_controller_s112_debug_soft__obfuscated.elf)
                0x0000000000007850                sym_SCCFLYV5KOPRJ5S7RGDC2KDSCCHMKXYC3EQIE6A
 .text          0x0000000000007856       0x60 C:/ncs/v2.9.2/nrfxlib/softdevice_controller/lib/nrf52/soft-float/libsoftdevice_controller_peripheral.a(libsoftdevice_controller_s112_debug_soft__obfuscated.elf)
                0x0000000000007856                sym_F5SXUQLY6DFZ5NXKJ4VFIGAK52D6AM5LN2AJKSY
 .text          0x00000000000078b6       0x3a C:/ncs/v2.9.2/nrfxlib/softdevice_controller/lib/nrf52/soft-float/libsoftdevice_controller_peripheral.a(libsoftdevice_controller_s112_debug_soft__obfuscated.elf)
                0x00000000000078b6                sym_OC5GPSERLPE7TKXSCU3QAZ62H3OM4MWFYV7WX2I